Archive member included to satisfy reference by file (symbol)

/courses/TDDI11/sw/lib/elf/libepc.a(init-cpu.o)
                              (start)
/courses/TDDI11/sw/lib/elf/libepc.a(init-idt.o)
                              /courses/TDDI11/sw/lib/elf/libepc.a(init-cpu.o) (Init_IDT)
/courses/TDDI11/sw/lib/elf/libepc.a(init-crt.o)
                              /courses/TDDI11/sw/lib/elf/libepc.a(init-cpu.o) (Init_CRT)
/courses/TDDI11/sw/lib/elf/libepc.a(display.o)
                              main.o (SetCursorPosition)
/courses/TDDI11/sw/lib/elf/libepc.a(init8259.o)
                              /courses/TDDI11/sw/lib/elf/libepc.a(init-cpu.o) (Init8259)
/courses/TDDI11/sw/lib/elf/libepc.a(init8253.o)
                              /courses/TDDI11/sw/lib/elf/libepc.a(init-cpu.o) (Init8253)
/courses/TDDI11/sw/lib/elf/libepc.a(checkcpu.o)
                              /courses/TDDI11/sw/lib/elf/libepc.a(init-cpu.o) (Check_CPU)
/courses/TDDI11/sw/lib/elf/libepc.a(io.o)
                              /courses/TDDI11/sw/lib/elf/libepc.a(init-idt.o) (ISR_PIC1)
/courses/TDDI11/sw/lib/elf/libepc.a(keyboard.o)
                              /courses/TDDI11/sw/lib/elf/libepc.a(io.o) (Enqueue)

Discarded input sections

 .eh_frame      0x0000000000000000       0x9c main.o

Memory Configuration

Name             Origin             Length             Attributes
conventional     0x0000000000000000 0x00000000000a0000
reserved         0x00000000000a0000 0x0000000000060000
extended         0x0000000000100000 0x00000000fff00000
*default*        0x0000000000000000 0xffffffffffffffff

Linker script and memory map

LOAD main.o
LOAD llmultiply.o
LOAD /courses/TDDI11/sw/lib/elf/libepc.a
LOAD /courses/TDDI11/sw/lib/elf/djgpp/libc.a
LOAD /courses/TDDI11/sw/i386-elf-gcc-7.3.0/lib/gcc/i386-elf/7.3.0/libgcc.a

.text           0x0000000000000000     0x1a00
                0x0000000000000000                text_frst = .
 *(.start)
 .start         0x0000000000000000        0x8 /courses/TDDI11/sw/lib/elf/libepc.a(init-cpu.o)
                0x0000000000000000                start
 *(.init)
 *(.text)
 .text          0x0000000000000008      0x3b8 main.o
                0x0000000000000008                C_llmultiply
                0x00000000000001f0                PutUnsignedLongLong
                0x000000000000022c                main
 .text          0x00000000000003c0       0x67 llmultiply.o
                0x00000000000003c0                llmultiply
 *fill*         0x0000000000000427        0x1 
 .text          0x0000000000000428       0x50 /courses/TDDI11/sw/lib/elf/libepc.a(init-cpu.o)
                0x0000000000000428                Init_CPU
 .text          0x0000000000000478      0x5a0 /courses/TDDI11/sw/lib/elf/libepc.a(init-idt.o)
                0x0000000000000888                IRQ2INT
                0x000000000000089c                _GetISR
                0x00000000000008e0                SetISR
                0x0000000000000918                Init_IDT
 .text          0x0000000000000a18      0x110 /courses/TDDI11/sw/lib/elf/libepc.a(init-crt.o)
                0x0000000000000a18                Init_CRT
                0x0000000000000a4c                _LastMemoryAddress
 .text          0x0000000000000b28      0x6e0 /courses/TDDI11/sw/lib/elf/libepc.a(display.o)
                0x0000000000000b28                SetCursorVisible
                0x0000000000000bac                _GetCursorRow
                0x0000000000000bc0                _GetCursorCol
                0x0000000000000bd4                SetCursorPosition
                0x0000000000000c78                ClearScreen
                0x0000000000000ce0                _PutAttb
                0x0000000000000d2c                _PutCharAt
                0x0000000000000d58                _PutChar
                0x0000000000000ddc                PutString
                0x0000000000000e14                PutUnsigned
                0x0000000000000e4c                FormatUnsigned
                0x0000000000000edc                Unsigned2Ascii
                0x0000000000000f60                _Cell
 .text          0x0000000000001208       0xe0 /courses/TDDI11/sw/lib/elf/libepc.a(init8259.o)
                0x0000000000001208                Init8259
 .text          0x00000000000012e8       0xb0 /courses/TDDI11/sw/lib/elf/libepc.a(init8253.o)
                0x00000000000012e8                Init8253
 .text          0x0000000000001398       0x98 /courses/TDDI11/sw/lib/elf/libepc.a(checkcpu.o)
                0x0000000000001398                Check_CPU
 .text          0x0000000000001430       0x60 /courses/TDDI11/sw/lib/elf/libepc.a(io.o)
                0x0000000000001430                TimerTickISR
                0x000000000000143c                KeyboardISR
                0x000000000000145c                ISR_PIC1
                0x0000000000001463                ISR_PIC2
                0x000000000000146c                ___main
                0x000000000000146d                inportb
                0x0000000000001477                outportb
                0x0000000000001489                _exit
 .text          0x0000000000001490      0x570 /courses/TDDI11/sw/lib/elf/libepc.a(keyboard.o)
                0x0000000000001490                ScanCodeRdy
                0x00000000000014b4                GetScanCode
                0x00000000000014e4                ScanCode2Ascii
                0x00000000000016a4                SetsKybdState
                0x0000000000001894                Enqueue
                0x00000000000019ff                text_last = (. - 0x1)

.data           0x0000000000001a00      0x77b
                0x0000000000001a00                data_frst = .
 *(.data)
 .data          0x0000000000001a00       0xc0 main.o
                0x0000000000001a00                cases
 .data          0x0000000000001ac0        0x0 llmultiply.o
 .data          0x0000000000001ac0       0x20 /courses/TDDI11/sw/lib/elf/libepc.a(init-cpu.o)
                0x0000000000001ade                code_selector
 .data          0x0000000000001ae0       0x90 /courses/TDDI11/sw/lib/elf/libepc.a(init-idt.o)
 .data          0x0000000000001b70       0x10 /courses/TDDI11/sw/lib/elf/libepc.a(init-crt.o)
 .data          0x0000000000001b80       0x30 /courses/TDDI11/sw/lib/elf/libepc.a(display.o)
 .data          0x0000000000001bb0        0x0 /courses/TDDI11/sw/lib/elf/libepc.a(init8259.o)
 .data          0x0000000000001bb0        0x0 /courses/TDDI11/sw/lib/elf/libepc.a(init8253.o)
 .data          0x0000000000001bb0        0xc /courses/TDDI11/sw/lib/elf/libepc.a(io.o)
                0x0000000000001bb0                msec
                0x0000000000001bb4                old_tick_isr
                0x0000000000001bb8                old_kybd_isr
 .data          0x0000000000001bbc      0x5a0 /courses/TDDI11/sw/lib/elf/libepc.a(keyboard.o)
 *(.rodata)
 .rodata        0x000000000000215c       0x1f main.o
 *(.rodata.str1.1)
 *(.rodata.str1.32)
                0x000000000000217a                data_last = (. - 0x1)

.bss            0x000000000000217c      0x83c
                0x000000000000217c                bss_frst = .
 *(.bss)
 .bss           0x000000000000217c        0x0 main.o
 .bss           0x000000000000217c      0x800 /courses/TDDI11/sw/lib/elf/libepc.a(init-idt.o)
 .bss           0x000000000000297c        0x0 /courses/TDDI11/sw/lib/elf/libepc.a(init-crt.o)
 .bss           0x000000000000297c        0x8 /courses/TDDI11/sw/lib/elf/libepc.a(display.o)
 .bss           0x0000000000002984        0x0 /courses/TDDI11/sw/lib/elf/libepc.a(init8259.o)
 .bss           0x0000000000002984        0x0 /courses/TDDI11/sw/lib/elf/libepc.a(init8253.o)
 .bss           0x0000000000002984       0x34 /courses/TDDI11/sw/lib/elf/libepc.a(keyboard.o)
 *(COMMON)
                0x00000000000029b7                bss_last = (. - 0x1)

/DISCARD/
 *(.eh_frame)
                0x00000000000029b8                stack_frst = (bss_last + 0x1)
                0x000000000000a9b7                stack_last = (bss_last + 0x8000)
                0x000000000000a9b8                heap_frst = (stack_last + 0x1)
OUTPUT(embedded.bin binary)

.debug_info     0x0000000000000000      0x25e
 .debug_info    0x0000000000000000      0x25e main.o

.debug_abbrev   0x0000000000000000      0x10d
 .debug_abbrev  0x0000000000000000      0x10d main.o

.debug_aranges  0x0000000000000000       0x20
 .debug_aranges
                0x0000000000000000       0x20 main.o

.debug_line     0x0000000000000000       0xdd
 .debug_line    0x0000000000000000       0xdd main.o

.debug_str      0x0000000000000000      0x16a
 .debug_str     0x0000000000000000      0x16a main.o

.comment        0x0000000000000000       0x12
 .comment       0x0000000000000000       0x12 main.o
