Archive member included to satisfy reference by file (symbol)

/courses/TDDI11/sw/lib/elf/libepc.a(init-cpu.o)
                              (start)
/courses/TDDI11/sw/lib/elf/libepc.a(init-idt.o)
                              /courses/TDDI11/sw/lib/elf/libepc.a(init-cpu.o) (Init_IDT)
/courses/TDDI11/sw/lib/elf/libepc.a(init-crt.o)
                              /courses/TDDI11/sw/lib/elf/libepc.a(init-cpu.o) (Init_CRT)
/courses/TDDI11/sw/lib/elf/libepc.a(display.o)
                              main.o (SetCursorPosition)
/courses/TDDI11/sw/lib/elf/libepc.a(init8259.o)
                              /courses/TDDI11/sw/lib/elf/libepc.a(init-cpu.o) (Init8259)
/courses/TDDI11/sw/lib/elf/libepc.a(init8253.o)
                              /courses/TDDI11/sw/lib/elf/libepc.a(init-cpu.o) (Init8253)
/courses/TDDI11/sw/lib/elf/libepc.a(cycles.o)
                              main.o (CPU_Clock_Cycles)
/courses/TDDI11/sw/lib/elf/libepc.a(checkcpu.o)
                              /courses/TDDI11/sw/lib/elf/libepc.a(init-cpu.o) (Check_CPU)
/courses/TDDI11/sw/lib/elf/libepc.a(io.o)
                              /courses/TDDI11/sw/lib/elf/libepc.a(init-idt.o) (ISR_PIC1)
/courses/TDDI11/sw/lib/elf/libepc.a(keyboard.o)
                              /courses/TDDI11/sw/lib/elf/libepc.a(io.o) (Enqueue)
/courses/TDDI11/sw/i386-elf-gcc-7.3.0/lib/gcc/i386-elf/7.3.0/libgcc.a(_udivdi3.o)
                              main.o (__udivdi3)

Discarded input sections

 .eh_frame      0x0000000000000000       0xd8 main.o
 .eh_frame      0x0000000000000000       0x84 /courses/TDDI11/sw/i386-elf-gcc-7.3.0/lib/gcc/i386-elf/7.3.0/libgcc.a(_udivdi3.o)

Memory Configuration

Name             Origin             Length             Attributes
conventional     0x0000000000000000 0x00000000000a0000
reserved         0x00000000000a0000 0x0000000000060000
extended         0x0000000000100000 0x00000000fff00000
*default*        0x0000000000000000 0xffffffffffffffff

Linker script and memory map

LOAD main.o
LOAD llmultiply.o
LOAD /courses/TDDI11/sw/lib/elf/libepc.a
LOAD /courses/TDDI11/sw/lib/elf/djgpp/libc.a
LOAD /courses/TDDI11/sw/i386-elf-gcc-7.3.0/lib/gcc/i386-elf/7.3.0/libgcc.a

.text           0x0000000000000000     0x188f
                0x0000000000000000                text_frst = .
 *(.start)
 .start         0x0000000000000000        0x8 /courses/TDDI11/sw/lib/elf/libepc.a(init-cpu.o)
                0x0000000000000000                start
 *(.init)
 *(.text)
 .text          0x0000000000000008       0xd7 main.o
                0x0000000000000008                C_llmultiply
                0x00000000000000b8                PutUnsignedLongLong
 *fill*         0x00000000000000df        0x1 
 .text          0x00000000000000e0       0x67 llmultiply.o
                0x00000000000000e0                llmultiply
 *fill*         0x0000000000000147        0x1 
 .text          0x0000000000000148       0x50 /courses/TDDI11/sw/lib/elf/libepc.a(init-cpu.o)
                0x0000000000000148                Init_CPU
 .text          0x0000000000000198      0x5a0 /courses/TDDI11/sw/lib/elf/libepc.a(init-idt.o)
                0x00000000000005a8                IRQ2INT
                0x00000000000005bc                _GetISR
                0x0000000000000600                SetISR
                0x0000000000000638                Init_IDT
 .text          0x0000000000000738      0x110 /courses/TDDI11/sw/lib/elf/libepc.a(init-crt.o)
                0x0000000000000738                Init_CRT
                0x000000000000076c                _LastMemoryAddress
 .text          0x0000000000000848      0x6e0 /courses/TDDI11/sw/lib/elf/libepc.a(display.o)
                0x0000000000000848                SetCursorVisible
                0x00000000000008cc                _GetCursorRow
                0x00000000000008e0                _GetCursorCol
                0x00000000000008f4                SetCursorPosition
                0x0000000000000998                ClearScreen
                0x0000000000000a00                _PutAttb
                0x0000000000000a4c                _PutCharAt
                0x0000000000000a78                _PutChar
                0x0000000000000afc                PutString
                0x0000000000000b34                PutUnsigned
                0x0000000000000b6c                FormatUnsigned
                0x0000000000000bfc                Unsigned2Ascii
                0x0000000000000c80                _Cell
 .text          0x0000000000000f28       0xe0 /courses/TDDI11/sw/lib/elf/libepc.a(init8259.o)
                0x0000000000000f28                Init8259
 .text          0x0000000000001008       0xb0 /courses/TDDI11/sw/lib/elf/libepc.a(init8253.o)
                0x0000000000001008                Init8253
 .text          0x00000000000010b8       0x70 /courses/TDDI11/sw/lib/elf/libepc.a(cycles.o)
                0x00000000000010b8                CPU_Clock_Cycles
 .text          0x0000000000001128       0x98 /courses/TDDI11/sw/lib/elf/libepc.a(checkcpu.o)
                0x0000000000001128                Check_CPU
 .text          0x00000000000011c0       0x60 /courses/TDDI11/sw/lib/elf/libepc.a(io.o)
                0x00000000000011c0                TimerTickISR
                0x00000000000011cc                KeyboardISR
                0x00000000000011ec                ISR_PIC1
                0x00000000000011f3                ISR_PIC2
                0x00000000000011fc                ___main
                0x00000000000011fd                inportb
                0x0000000000001207                outportb
                0x0000000000001219                _exit
 .text          0x0000000000001220      0x570 /courses/TDDI11/sw/lib/elf/libepc.a(keyboard.o)
                0x0000000000001220                ScanCodeRdy
                0x0000000000001244                GetScanCode
                0x0000000000001274                ScanCode2Ascii
                0x0000000000001434                SetsKybdState
                0x0000000000001624                Enqueue
 .text          0x0000000000001790       0xff /courses/TDDI11/sw/i386-elf-gcc-7.3.0/lib/gcc/i386-elf/7.3.0/libgcc.a(_udivdi3.o)
                0x0000000000001790                __udivdi3
                0x000000000000188e                text_last = (. - 0x1)

.text.startup   0x0000000000001890      0x284
 .text.startup  0x0000000000001890      0x284 main.o
                0x0000000000001890                main

.data           0x0000000000001b20      0x796
                0x0000000000001b20                data_frst = .
 *(.data)
 .data          0x0000000000001b20       0xc0 main.o
                0x0000000000001b20                cases
 .data          0x0000000000001be0        0x0 llmultiply.o
 .data          0x0000000000001be0       0x20 /courses/TDDI11/sw/lib/elf/libepc.a(init-cpu.o)
                0x0000000000001bfe                code_selector
 .data          0x0000000000001c00       0x90 /courses/TDDI11/sw/lib/elf/libepc.a(init-idt.o)
 .data          0x0000000000001c90       0x10 /courses/TDDI11/sw/lib/elf/libepc.a(init-crt.o)
 .data          0x0000000000001ca0       0x30 /courses/TDDI11/sw/lib/elf/libepc.a(display.o)
 .data          0x0000000000001cd0        0x0 /courses/TDDI11/sw/lib/elf/libepc.a(init8259.o)
 .data          0x0000000000001cd0        0x0 /courses/TDDI11/sw/lib/elf/libepc.a(init8253.o)
 .data          0x0000000000001cd0        0x4 /courses/TDDI11/sw/lib/elf/libepc.a(cycles.o)
 .data          0x0000000000001cd4        0xc /courses/TDDI11/sw/lib/elf/libepc.a(io.o)
                0x0000000000001cd4                msec
                0x0000000000001cd8                old_tick_isr
                0x0000000000001cdc                old_kybd_isr
 .data          0x0000000000001ce0      0x5a0 /courses/TDDI11/sw/lib/elf/libepc.a(keyboard.o)
 .data          0x0000000000002280        0x0 /courses/TDDI11/sw/i386-elf-gcc-7.3.0/lib/gcc/i386-elf/7.3.0/libgcc.a(_udivdi3.o)
 *(.rodata)
 *(.rodata.str1.1)
 .rodata.str1.1
                0x0000000000002280       0x36 main.o
 *(.rodata.str1.32)
                0x00000000000022b5                data_last = (. - 0x1)

.bss            0x00000000000022b8      0x83c
                0x00000000000022b8                bss_frst = .
 *(.bss)
 .bss           0x00000000000022b8        0x0 main.o
 .bss           0x00000000000022b8      0x800 /courses/TDDI11/sw/lib/elf/libepc.a(init-idt.o)
 .bss           0x0000000000002ab8        0x0 /courses/TDDI11/sw/lib/elf/libepc.a(init-crt.o)
 .bss           0x0000000000002ab8        0x8 /courses/TDDI11/sw/lib/elf/libepc.a(display.o)
 .bss           0x0000000000002ac0        0x0 /courses/TDDI11/sw/lib/elf/libepc.a(init8259.o)
 .bss           0x0000000000002ac0        0x0 /courses/TDDI11/sw/lib/elf/libepc.a(init8253.o)
 .bss           0x0000000000002ac0       0x34 /courses/TDDI11/sw/lib/elf/libepc.a(keyboard.o)
 .bss           0x0000000000002af4        0x0 /courses/TDDI11/sw/i386-elf-gcc-7.3.0/lib/gcc/i386-elf/7.3.0/libgcc.a(_udivdi3.o)
 *(COMMON)
                0x0000000000002af3                bss_last = (. - 0x1)

/DISCARD/
 *(.eh_frame)
                0x0000000000002af4                stack_frst = (bss_last + 0x1)
                0x000000000000aaf3                stack_last = (bss_last + 0x8000)
                0x000000000000aaf4                heap_frst = (stack_last + 0x1)
OUTPUT(embedded.bin binary)

.debug_info     0x0000000000000000     0x1011
 .debug_info    0x0000000000000000      0x5e2 main.o
 .debug_info    0x00000000000005e2      0xa2f /courses/TDDI11/sw/i386-elf-gcc-7.3.0/lib/gcc/i386-elf/7.3.0/libgcc.a(_udivdi3.o)

.debug_abbrev   0x0000000000000000      0x3a8
 .debug_abbrev  0x0000000000000000      0x1a3 main.o
 .debug_abbrev  0x00000000000001a3      0x205 /courses/TDDI11/sw/i386-elf-gcc-7.3.0/lib/gcc/i386-elf/7.3.0/libgcc.a(_udivdi3.o)

.debug_loc      0x0000000000000000      0xa71
 .debug_loc     0x0000000000000000      0x3e0 main.o
 .debug_loc     0x00000000000003e0      0x691 /courses/TDDI11/sw/i386-elf-gcc-7.3.0/lib/gcc/i386-elf/7.3.0/libgcc.a(_udivdi3.o)

.debug_aranges  0x0000000000000000       0x48
 .debug_aranges
                0x0000000000000000       0x28 main.o
 .debug_aranges
                0x0000000000000028       0x20 /courses/TDDI11/sw/i386-elf-gcc-7.3.0/lib/gcc/i386-elf/7.3.0/libgcc.a(_udivdi3.o)

.debug_ranges   0x0000000000000000       0x88
 .debug_ranges  0x0000000000000000       0x60 main.o
 .debug_ranges  0x0000000000000060       0x28 /courses/TDDI11/sw/i386-elf-gcc-7.3.0/lib/gcc/i386-elf/7.3.0/libgcc.a(_udivdi3.o)

.debug_line     0x0000000000000000      0x27f
 .debug_line    0x0000000000000000      0x148 main.o
 .debug_line    0x0000000000000148      0x137 /courses/TDDI11/sw/i386-elf-gcc-7.3.0/lib/gcc/i386-elf/7.3.0/libgcc.a(_udivdi3.o)

.debug_str      0x0000000000000000      0xc51
 .debug_str     0x0000000000000000      0x1bd main.o
 .debug_str     0x00000000000001bd      0xa94 /courses/TDDI11/sw/i386-elf-gcc-7.3.0/lib/gcc/i386-elf/7.3.0/libgcc.a(_udivdi3.o)

.comment        0x0000000000000000       0x24
 .comment       0x0000000000000000       0x12 main.o
 .comment       0x0000000000000012       0x12 /courses/TDDI11/sw/i386-elf-gcc-7.3.0/lib/gcc/i386-elf/7.3.0/libgcc.a(_udivdi3.o)
