Archive member included to satisfy reference by file (symbol)

/courses/TDDI11/sw/lib/elf/libepc.a(init-cpu.o)
                              (start)
/courses/TDDI11/sw/lib/elf/libepc.a(init-idt.o)
                              /courses/TDDI11/sw/lib/elf/libepc.a(init-cpu.o) (Init_IDT)
/courses/TDDI11/sw/lib/elf/libepc.a(init-crt.o)
                              /courses/TDDI11/sw/lib/elf/libepc.a(init-cpu.o) (Init_CRT)
/courses/TDDI11/sw/lib/elf/libepc.a(display.o)
                              main.o (SetCursorPosition)
/courses/TDDI11/sw/lib/elf/libepc.a(init8259.o)
                              /courses/TDDI11/sw/lib/elf/libepc.a(init-cpu.o) (Init8259)
/courses/TDDI11/sw/lib/elf/libepc.a(init8253.o)
                              /courses/TDDI11/sw/lib/elf/libepc.a(init-cpu.o) (Init8253)
/courses/TDDI11/sw/lib/elf/libepc.a(checkcpu.o)
                              /courses/TDDI11/sw/lib/elf/libepc.a(init-cpu.o) (Check_CPU)
/courses/TDDI11/sw/lib/elf/libepc.a(io.o)
                              /courses/TDDI11/sw/lib/elf/libepc.a(init-idt.o) (ISR_PIC1)
/courses/TDDI11/sw/lib/elf/libepc.a(keyboard.o)
                              /courses/TDDI11/sw/lib/elf/libepc.a(io.o) (Enqueue)

Discarded input sections

 .eh_frame      0x0000000000000000       0xa4 main.o

Memory Configuration

Name             Origin             Length             Attributes
conventional     0x0000000000000000 0x00000000000a0000
reserved         0x00000000000a0000 0x0000000000060000
extended         0x0000000000100000 0x00000000fff00000
*default*        0x0000000000000000 0xffffffffffffffff

Linker script and memory map

LOAD main.o
LOAD llmultiply.o
LOAD /courses/TDDI11/sw/lib/elf/libepc.a
LOAD /courses/TDDI11/sw/lib/elf/djgpp/libc.a
LOAD /courses/TDDI11/sw/i386-elf-gcc-7.3.0/lib/gcc/i386-elf/7.3.0/libgcc.a

.text           0x0000000000000000     0x1b10
                0x0000000000000000                text_frst = .
 *(.start)
 .start         0x0000000000000000        0x8 /courses/TDDI11/sw/lib/elf/libepc.a(init-cpu.o)
                0x0000000000000000                start
 *(.init)
 *(.text)
 .text          0x0000000000000008      0x4bb main.o
                0x0000000000000008                C_llmultiply
                0x00000000000002f3                PutUnsignedLongLong
                0x000000000000032f                main
 *fill*         0x00000000000004c3        0xd 
 .text          0x00000000000004d0       0x67 llmultiply.o
                0x00000000000004d0                llmultiply
 *fill*         0x0000000000000537        0x1 
 .text          0x0000000000000538       0x50 /courses/TDDI11/sw/lib/elf/libepc.a(init-cpu.o)
                0x0000000000000538                Init_CPU
 .text          0x0000000000000588      0x5a0 /courses/TDDI11/sw/lib/elf/libepc.a(init-idt.o)
                0x0000000000000998                IRQ2INT
                0x00000000000009ac                _GetISR
                0x00000000000009f0                SetISR
                0x0000000000000a28                Init_IDT
 .text          0x0000000000000b28      0x110 /courses/TDDI11/sw/lib/elf/libepc.a(init-crt.o)
                0x0000000000000b28                Init_CRT
                0x0000000000000b5c                _LastMemoryAddress
 .text          0x0000000000000c38      0x6e0 /courses/TDDI11/sw/lib/elf/libepc.a(display.o)
                0x0000000000000c38                SetCursorVisible
                0x0000000000000cbc                _GetCursorRow
                0x0000000000000cd0                _GetCursorCol
                0x0000000000000ce4                SetCursorPosition
                0x0000000000000d88                ClearScreen
                0x0000000000000df0                _PutAttb
                0x0000000000000e3c                _PutCharAt
                0x0000000000000e68                _PutChar
                0x0000000000000eec                PutString
                0x0000000000000f24                PutUnsigned
                0x0000000000000f5c                FormatUnsigned
                0x0000000000000fec                Unsigned2Ascii
                0x0000000000001070                _Cell
 .text          0x0000000000001318       0xe0 /courses/TDDI11/sw/lib/elf/libepc.a(init8259.o)
                0x0000000000001318                Init8259
 .text          0x00000000000013f8       0xb0 /courses/TDDI11/sw/lib/elf/libepc.a(init8253.o)
                0x00000000000013f8                Init8253
 .text          0x00000000000014a8       0x98 /courses/TDDI11/sw/lib/elf/libepc.a(checkcpu.o)
                0x00000000000014a8                Check_CPU
 .text          0x0000000000001540       0x60 /courses/TDDI11/sw/lib/elf/libepc.a(io.o)
                0x0000000000001540                TimerTickISR
                0x000000000000154c                KeyboardISR
                0x000000000000156c                ISR_PIC1
                0x0000000000001573                ISR_PIC2
                0x000000000000157c                ___main
                0x000000000000157d                inportb
                0x0000000000001587                outportb
                0x0000000000001599                _exit
 .text          0x00000000000015a0      0x570 /courses/TDDI11/sw/lib/elf/libepc.a(keyboard.o)
                0x00000000000015a0                ScanCodeRdy
                0x00000000000015c4                GetScanCode
                0x00000000000015f4                ScanCode2Ascii
                0x00000000000017b4                SetsKybdState
                0x00000000000019a4                Enqueue
                0x0000000000001b0f                text_last = (. - 0x1)

.data           0x0000000000001b20      0x77b
                0x0000000000001b20                data_frst = .
 *(.data)
 .data          0x0000000000001b20       0xc0 main.o
                0x0000000000001b20                cases
 .data          0x0000000000001be0        0x0 llmultiply.o
 .data          0x0000000000001be0       0x20 /courses/TDDI11/sw/lib/elf/libepc.a(init-cpu.o)
                0x0000000000001bfe                code_selector
 .data          0x0000000000001c00       0x90 /courses/TDDI11/sw/lib/elf/libepc.a(init-idt.o)
 .data          0x0000000000001c90       0x10 /courses/TDDI11/sw/lib/elf/libepc.a(init-crt.o)
 .data          0x0000000000001ca0       0x30 /courses/TDDI11/sw/lib/elf/libepc.a(display.o)
 .data          0x0000000000001cd0        0x0 /courses/TDDI11/sw/lib/elf/libepc.a(init8259.o)
 .data          0x0000000000001cd0        0x0 /courses/TDDI11/sw/lib/elf/libepc.a(init8253.o)
 .data          0x0000000000001cd0        0xc /courses/TDDI11/sw/lib/elf/libepc.a(io.o)
                0x0000000000001cd0                msec
                0x0000000000001cd4                old_tick_isr
                0x0000000000001cd8                old_kybd_isr
 .data          0x0000000000001cdc      0x5a0 /courses/TDDI11/sw/lib/elf/libepc.a(keyboard.o)
 *(.rodata)
 .rodata        0x000000000000227c       0x1f main.o
 *(.rodata.str1.1)
 *(.rodata.str1.32)
                0x000000000000229a                data_last = (. - 0x1)

.bss            0x000000000000229c      0x83c
                0x000000000000229c                bss_frst = .
 *(.bss)
 .bss           0x000000000000229c        0x0 main.o
 .bss           0x000000000000229c      0x800 /courses/TDDI11/sw/lib/elf/libepc.a(init-idt.o)
 .bss           0x0000000000002a9c        0x0 /courses/TDDI11/sw/lib/elf/libepc.a(init-crt.o)
 .bss           0x0000000000002a9c        0x8 /courses/TDDI11/sw/lib/elf/libepc.a(display.o)
 .bss           0x0000000000002aa4        0x0 /courses/TDDI11/sw/lib/elf/libepc.a(init8259.o)
 .bss           0x0000000000002aa4        0x0 /courses/TDDI11/sw/lib/elf/libepc.a(init8253.o)
 .bss           0x0000000000002aa4       0x34 /courses/TDDI11/sw/lib/elf/libepc.a(keyboard.o)
 *(COMMON)
                0x0000000000002ad7                bss_last = (. - 0x1)

/DISCARD/
 *(.eh_frame)
                0x0000000000002ad8                stack_frst = (bss_last + 0x1)
                0x000000000000aad7                stack_last = (bss_last + 0x8000)
                0x000000000000aad8                heap_frst = (stack_last + 0x1)
OUTPUT(embedded.bin binary)

.debug_info     0x0000000000000000      0x24c
 .debug_info    0x0000000000000000      0x24c main.o

.debug_abbrev   0x0000000000000000      0x100
 .debug_abbrev  0x0000000000000000      0x100 main.o

.debug_aranges  0x0000000000000000       0x20
 .debug_aranges
                0x0000000000000000       0x20 main.o

.debug_line     0x0000000000000000       0xf1
 .debug_line    0x0000000000000000       0xf1 main.o

.debug_str      0x0000000000000000      0x151
 .debug_str     0x0000000000000000      0x151 main.o

.comment        0x0000000000000000       0x12
 .comment       0x0000000000000000       0x12 main.o
