Archive member included to satisfy reference by file (symbol)

/courses/TDDI11/sw/lib/elf/libepc.a(init-cpu.o)
                              (start)
/courses/TDDI11/sw/lib/elf/libepc.a(init-idt.o)
                              /courses/TDDI11/sw/lib/elf/libepc.a(init-cpu.o) (Init_IDT)
/courses/TDDI11/sw/lib/elf/libepc.a(init-crt.o)
                              /courses/TDDI11/sw/lib/elf/libepc.a(init-cpu.o) (Init_CRT)
/courses/TDDI11/sw/lib/elf/libepc.a(display.o)
                              main.o (SetCursorPosition)
/courses/TDDI11/sw/lib/elf/libepc.a(init8259.o)
                              /courses/TDDI11/sw/lib/elf/libepc.a(init-cpu.o) (Init8259)
/courses/TDDI11/sw/lib/elf/libepc.a(init8253.o)
                              /courses/TDDI11/sw/lib/elf/libepc.a(init-cpu.o) (Init8253)
/courses/TDDI11/sw/lib/elf/libepc.a(checkcpu.o)
                              /courses/TDDI11/sw/lib/elf/libepc.a(init-cpu.o) (Check_CPU)
/courses/TDDI11/sw/lib/elf/libepc.a(io.o)
                              /courses/TDDI11/sw/lib/elf/libepc.a(init-idt.o) (ISR_PIC1)
/courses/TDDI11/sw/lib/elf/libepc.a(keyboard.o)
                              /courses/TDDI11/sw/lib/elf/libepc.a(io.o) (Enqueue)

Discarded input sections

 .eh_frame      0x0000000000000000       0x94 main.o

Memory Configuration

Name             Origin             Length             Attributes
conventional     0x0000000000000000 0x00000000000a0000
reserved         0x00000000000a0000 0x0000000000060000
extended         0x0000000000100000 0x00000000fff00000
*default*        0x0000000000000000 0xffffffffffffffff

Linker script and memory map

LOAD main.o
LOAD llmultiply.o
LOAD /courses/TDDI11/sw/lib/elf/libepc.a
LOAD /courses/TDDI11/sw/lib/elf/djgpp/libc.a
LOAD /courses/TDDI11/sw/i386-elf-gcc-7.3.0/lib/gcc/i386-elf/7.3.0/libgcc.a

.text           0x0000000000000000     0x1ac0
                0x0000000000000000                text_frst = .
 *(.start)
 .start         0x0000000000000000        0x8 /courses/TDDI11/sw/lib/elf/libepc.a(init-cpu.o)
                0x0000000000000000                start
 *(.init)
 *(.text)
 .text          0x0000000000000008      0x476 main.o
                0x0000000000000008                C_llmultiply
                0x00000000000002ae                PutUnsignedLongLong
                0x00000000000002ea                main
 *fill*         0x000000000000047e        0x2 
 .text          0x0000000000000480       0x67 llmultiply.o
                0x0000000000000480                llmultiply
 *fill*         0x00000000000004e7        0x1 
 .text          0x00000000000004e8       0x50 /courses/TDDI11/sw/lib/elf/libepc.a(init-cpu.o)
                0x00000000000004e8                Init_CPU
 .text          0x0000000000000538      0x5a0 /courses/TDDI11/sw/lib/elf/libepc.a(init-idt.o)
                0x0000000000000948                IRQ2INT
                0x000000000000095c                _GetISR
                0x00000000000009a0                SetISR
                0x00000000000009d8                Init_IDT
 .text          0x0000000000000ad8      0x110 /courses/TDDI11/sw/lib/elf/libepc.a(init-crt.o)
                0x0000000000000ad8                Init_CRT
                0x0000000000000b0c                _LastMemoryAddress
 .text          0x0000000000000be8      0x6e0 /courses/TDDI11/sw/lib/elf/libepc.a(display.o)
                0x0000000000000be8                SetCursorVisible
                0x0000000000000c6c                _GetCursorRow
                0x0000000000000c80                _GetCursorCol
                0x0000000000000c94                SetCursorPosition
                0x0000000000000d38                ClearScreen
                0x0000000000000da0                _PutAttb
                0x0000000000000dec                _PutCharAt
                0x0000000000000e18                _PutChar
                0x0000000000000e9c                PutString
                0x0000000000000ed4                PutUnsigned
                0x0000000000000f0c                FormatUnsigned
                0x0000000000000f9c                Unsigned2Ascii
                0x0000000000001020                _Cell
 .text          0x00000000000012c8       0xe0 /courses/TDDI11/sw/lib/elf/libepc.a(init8259.o)
                0x00000000000012c8                Init8259
 .text          0x00000000000013a8       0xb0 /courses/TDDI11/sw/lib/elf/libepc.a(init8253.o)
                0x00000000000013a8                Init8253
 .text          0x0000000000001458       0x98 /courses/TDDI11/sw/lib/elf/libepc.a(checkcpu.o)
                0x0000000000001458                Check_CPU
 .text          0x00000000000014f0       0x60 /courses/TDDI11/sw/lib/elf/libepc.a(io.o)
                0x00000000000014f0                TimerTickISR
                0x00000000000014fc                KeyboardISR
                0x000000000000151c                ISR_PIC1
                0x0000000000001523                ISR_PIC2
                0x000000000000152c                ___main
                0x000000000000152d                inportb
                0x0000000000001537                outportb
                0x0000000000001549                _exit
 .text          0x0000000000001550      0x570 /courses/TDDI11/sw/lib/elf/libepc.a(keyboard.o)
                0x0000000000001550                ScanCodeRdy
                0x0000000000001574                GetScanCode
                0x00000000000015a4                ScanCode2Ascii
                0x0000000000001764                SetsKybdState
                0x0000000000001954                Enqueue
                0x0000000000001abf                text_last = (. - 0x1)

.data           0x0000000000001ac0      0x77b
                0x0000000000001ac0                data_frst = .
 *(.data)
 .data          0x0000000000001ac0       0xc0 main.o
                0x0000000000001ac0                cases
 .data          0x0000000000001b80        0x0 llmultiply.o
 .data          0x0000000000001b80       0x20 /courses/TDDI11/sw/lib/elf/libepc.a(init-cpu.o)
                0x0000000000001b9e                code_selector
 .data          0x0000000000001ba0       0x90 /courses/TDDI11/sw/lib/elf/libepc.a(init-idt.o)
 .data          0x0000000000001c30       0x10 /courses/TDDI11/sw/lib/elf/libepc.a(init-crt.o)
 .data          0x0000000000001c40       0x30 /courses/TDDI11/sw/lib/elf/libepc.a(display.o)
 .data          0x0000000000001c70        0x0 /courses/TDDI11/sw/lib/elf/libepc.a(init8259.o)
 .data          0x0000000000001c70        0x0 /courses/TDDI11/sw/lib/elf/libepc.a(init8253.o)
 .data          0x0000000000001c70        0xc /courses/TDDI11/sw/lib/elf/libepc.a(io.o)
                0x0000000000001c70                msec
                0x0000000000001c74                old_tick_isr
                0x0000000000001c78                old_kybd_isr
 .data          0x0000000000001c7c      0x5a0 /courses/TDDI11/sw/lib/elf/libepc.a(keyboard.o)
 *(.rodata)
 .rodata        0x000000000000221c       0x1f main.o
 *(.rodata.str1.1)
 *(.rodata.str1.32)
                0x000000000000223a                data_last = (. - 0x1)

.bss            0x000000000000223c      0x83c
                0x000000000000223c                bss_frst = .
 *(.bss)
 .bss           0x000000000000223c        0x0 main.o
 .bss           0x000000000000223c      0x800 /courses/TDDI11/sw/lib/elf/libepc.a(init-idt.o)
 .bss           0x0000000000002a3c        0x0 /courses/TDDI11/sw/lib/elf/libepc.a(init-crt.o)
 .bss           0x0000000000002a3c        0x8 /courses/TDDI11/sw/lib/elf/libepc.a(display.o)
 .bss           0x0000000000002a44        0x0 /courses/TDDI11/sw/lib/elf/libepc.a(init8259.o)
 .bss           0x0000000000002a44        0x0 /courses/TDDI11/sw/lib/elf/libepc.a(init8253.o)
 .bss           0x0000000000002a44       0x34 /courses/TDDI11/sw/lib/elf/libepc.a(keyboard.o)
 *(COMMON)
                0x0000000000002a77                bss_last = (. - 0x1)

/DISCARD/
 *(.eh_frame)
                0x0000000000002a78                stack_frst = (bss_last + 0x1)
                0x000000000000aa77                stack_last = (bss_last + 0x8000)
                0x000000000000aa78                heap_frst = (stack_last + 0x1)
OUTPUT(embedded.bin binary)

.debug_info     0x0000000000000000      0x25f
 .debug_info    0x0000000000000000      0x25f main.o

.debug_abbrev   0x0000000000000000      0x100
 .debug_abbrev  0x0000000000000000      0x100 main.o

.debug_aranges  0x0000000000000000       0x20
 .debug_aranges
                0x0000000000000000       0x20 main.o

.debug_line     0x0000000000000000       0xea
 .debug_line    0x0000000000000000       0xea main.o

.debug_str      0x0000000000000000      0x168
 .debug_str     0x0000000000000000      0x168 main.o

.comment        0x0000000000000000       0x12
 .comment       0x0000000000000000       0x12 main.o
