Archive member included to satisfy reference by file (symbol)

/courses/TDDI11/sw/lib/elf/libepc.a(init-cpu.o)
                              (start)
/courses/TDDI11/sw/lib/elf/libepc.a(init-idt.o)
                              /courses/TDDI11/sw/lib/elf/libepc.a(init-cpu.o) (Init_IDT)
/courses/TDDI11/sw/lib/elf/libepc.a(init-crt.o)
                              /courses/TDDI11/sw/lib/elf/libepc.a(init-cpu.o) (Init_CRT)
/courses/TDDI11/sw/lib/elf/libepc.a(display.o)
                              main.o (SetCursorPosition)
/courses/TDDI11/sw/lib/elf/libepc.a(init8259.o)
                              /courses/TDDI11/sw/lib/elf/libepc.a(init-cpu.o) (Init8259)
/courses/TDDI11/sw/lib/elf/libepc.a(init8253.o)
                              /courses/TDDI11/sw/lib/elf/libepc.a(init-cpu.o) (Init8253)
/courses/TDDI11/sw/lib/elf/libepc.a(checkcpu.o)
                              /courses/TDDI11/sw/lib/elf/libepc.a(init-cpu.o) (Check_CPU)
/courses/TDDI11/sw/lib/elf/libepc.a(io.o)
                              /courses/TDDI11/sw/lib/elf/libepc.a(init-idt.o) (ISR_PIC1)
/courses/TDDI11/sw/lib/elf/libepc.a(keyboard.o)
                              /courses/TDDI11/sw/lib/elf/libepc.a(io.o) (Enqueue)

Discarded input sections

 .eh_frame      0x0000000000000000       0x44 main.o

Memory Configuration

Name             Origin             Length             Attributes
conventional     0x0000000000000000 0x00000000000a0000
reserved         0x00000000000a0000 0x0000000000060000
extended         0x0000000000100000 0x00000000fff00000
*default*        0x0000000000000000 0xffffffffffffffff

Linker script and memory map

LOAD main.o
LOAD /courses/TDDI11/sw/lib/elf/libepc.a
LOAD /courses/TDDI11/sw/lib/elf/djgpp/libc.a
LOAD /courses/TDDI11/sw/i386-elf-gcc-7.3.0/lib/gcc/i386-elf/7.3.0/libgcc.a

.text           0x0000000000000000     0x165c
                0x0000000000000000                text_frst = .
 *(.start)
 .start         0x0000000000000000        0x8 /courses/TDDI11/sw/lib/elf/libepc.a(init-cpu.o)
                0x0000000000000000                start
 *(.init)
 *(.text)
 .text          0x0000000000000008       0x7a main.o
                0x0000000000000008                main
 *fill*         0x0000000000000082        0x2 
 .text          0x0000000000000084       0x50 /courses/TDDI11/sw/lib/elf/libepc.a(init-cpu.o)
                0x0000000000000084                Init_CPU
 .text          0x00000000000000d4      0x5a0 /courses/TDDI11/sw/lib/elf/libepc.a(init-idt.o)
                0x00000000000004e4                IRQ2INT
                0x00000000000004f8                _GetISR
                0x000000000000053c                SetISR
                0x0000000000000574                Init_IDT
 .text          0x0000000000000674      0x110 /courses/TDDI11/sw/lib/elf/libepc.a(init-crt.o)
                0x0000000000000674                Init_CRT
                0x00000000000006a8                _LastMemoryAddress
 .text          0x0000000000000784      0x6e0 /courses/TDDI11/sw/lib/elf/libepc.a(display.o)
                0x0000000000000784                SetCursorVisible
                0x0000000000000808                _GetCursorRow
                0x000000000000081c                _GetCursorCol
                0x0000000000000830                SetCursorPosition
                0x00000000000008d4                ClearScreen
                0x000000000000093c                _PutAttb
                0x0000000000000988                _PutCharAt
                0x00000000000009b4                _PutChar
                0x0000000000000a38                PutString
                0x0000000000000a70                PutUnsigned
                0x0000000000000aa8                FormatUnsigned
                0x0000000000000b38                Unsigned2Ascii
                0x0000000000000bbc                _Cell
 .text          0x0000000000000e64       0xe0 /courses/TDDI11/sw/lib/elf/libepc.a(init8259.o)
                0x0000000000000e64                Init8259
 .text          0x0000000000000f44       0xb0 /courses/TDDI11/sw/lib/elf/libepc.a(init8253.o)
                0x0000000000000f44                Init8253
 .text          0x0000000000000ff4       0x98 /courses/TDDI11/sw/lib/elf/libepc.a(checkcpu.o)
                0x0000000000000ff4                Check_CPU
 .text          0x000000000000108c       0x60 /courses/TDDI11/sw/lib/elf/libepc.a(io.o)
                0x000000000000108c                TimerTickISR
                0x0000000000001098                KeyboardISR
                0x00000000000010b8                ISR_PIC1
                0x00000000000010bf                ISR_PIC2
                0x00000000000010c8                ___main
                0x00000000000010c9                inportb
                0x00000000000010d3                outportb
                0x00000000000010e5                _exit
 .text          0x00000000000010ec      0x570 /courses/TDDI11/sw/lib/elf/libepc.a(keyboard.o)
                0x00000000000010ec                ScanCodeRdy
                0x0000000000001110                GetScanCode
                0x0000000000001140                ScanCode2Ascii
                0x0000000000001300                SetsKybdState
                0x00000000000014f0                Enqueue
                0x000000000000165b                text_last = (. - 0x1)

.data           0x000000000000165c      0x6ef
                0x000000000000165c                data_frst = .
 *(.data)
 .data          0x000000000000165c        0x0 main.o
 .data          0x000000000000165c       0x20 /courses/TDDI11/sw/lib/elf/libepc.a(init-cpu.o)
                0x000000000000167a                code_selector
 .data          0x000000000000167c       0x90 /courses/TDDI11/sw/lib/elf/libepc.a(init-idt.o)
 .data          0x000000000000170c       0x10 /courses/TDDI11/sw/lib/elf/libepc.a(init-crt.o)
 .data          0x000000000000171c       0x30 /courses/TDDI11/sw/lib/elf/libepc.a(display.o)
 .data          0x000000000000174c        0x0 /courses/TDDI11/sw/lib/elf/libepc.a(init8259.o)
 .data          0x000000000000174c        0x0 /courses/TDDI11/sw/lib/elf/libepc.a(init8253.o)
 .data          0x000000000000174c        0xc /courses/TDDI11/sw/lib/elf/libepc.a(io.o)
                0x000000000000174c                msec
                0x0000000000001750                old_tick_isr
                0x0000000000001754                old_kybd_isr
 .data          0x0000000000001758      0x5a0 /courses/TDDI11/sw/lib/elf/libepc.a(keyboard.o)
 *(.rodata)
 .rodata        0x0000000000001cf8       0x53 main.o
 *(.rodata.str1.1)
 *(.rodata.str1.32)
                0x0000000000001d4a                data_last = (. - 0x1)

.bss            0x0000000000001d4c      0x83c
                0x0000000000001d4c                bss_frst = .
 *(.bss)
 .bss           0x0000000000001d4c        0x0 main.o
 .bss           0x0000000000001d4c      0x800 /courses/TDDI11/sw/lib/elf/libepc.a(init-idt.o)
 .bss           0x000000000000254c        0x0 /courses/TDDI11/sw/lib/elf/libepc.a(init-crt.o)
 .bss           0x000000000000254c        0x8 /courses/TDDI11/sw/lib/elf/libepc.a(display.o)
 .bss           0x0000000000002554        0x0 /courses/TDDI11/sw/lib/elf/libepc.a(init8259.o)
 .bss           0x0000000000002554        0x0 /courses/TDDI11/sw/lib/elf/libepc.a(init8253.o)
 .bss           0x0000000000002554       0x34 /courses/TDDI11/sw/lib/elf/libepc.a(keyboard.o)
 *(COMMON)
                0x0000000000002587                bss_last = (. - 0x1)

/DISCARD/
 *(.eh_frame)
                0x0000000000002588                stack_frst = (bss_last + 0x1)
                0x000000000000a587                stack_last = (bss_last + 0x8000)
                0x000000000000a588                heap_frst = (stack_last + 0x1)
OUTPUT(embedded.bin binary)

.debug_info     0x0000000000000000       0xa0
 .debug_info    0x0000000000000000       0xa0 main.o

.debug_abbrev   0x0000000000000000       0x5e
 .debug_abbrev  0x0000000000000000       0x5e main.o

.debug_aranges  0x0000000000000000       0x20
 .debug_aranges
                0x0000000000000000       0x20 main.o

.debug_line     0x0000000000000000       0x3d
 .debug_line    0x0000000000000000       0x3d main.o

.debug_str      0x0000000000000000       0xcb
 .debug_str     0x0000000000000000       0xcb main.o

.comment        0x0000000000000000       0x12
 .comment       0x0000000000000000       0x12 main.o
