Archive member included to satisfy reference by file (symbol)

/courses/TDDI11/sw/lib/elf/mtc.a(mtc.o)
                              main.o (mtc_split)
/courses/TDDI11/sw/lib/elf/mtc.a(schedule.o)
                              /courses/TDDI11/sw/lib/elf/mtc.a(mtc.o) (_sch_setup)
/courses/TDDI11/sw/lib/elf/mtc.a(sema.o)
                              /courses/TDDI11/sw/lib/elf/mtc.a(mtc.o) (_sema_setup)
/courses/TDDI11/sw/lib/elf/mtc.a(thread.o)
                              /courses/TDDI11/sw/lib/elf/mtc.a(schedule.o) (_thr_setup)
/courses/TDDI11/sw/lib/elf/mtc.a(abend.o)
                              /courses/TDDI11/sw/lib/elf/mtc.a(mtc.o) (_mtc_abend)
/courses/TDDI11/sw/lib/elf/mtc.a(context.o)
                              /courses/TDDI11/sw/lib/elf/mtc.a(thread.o) (_ctxt_setup)
/courses/TDDI11/sw/lib/elf/mtc.a(ll.o)
                              /courses/TDDI11/sw/lib/elf/mtc.a(schedule.o) (_ll_setup)
/courses/TDDI11/sw/lib/elf/mtc.a(mlist.o)
                              /courses/TDDI11/sw/lib/elf/mtc.a(thread.o) (_ml_setup)
/courses/TDDI11/sw/lib/elf/mtc.a(msg.o)
                              /courses/TDDI11/sw/lib/elf/mtc.a(mlist.o) (_msg_setup)
/courses/TDDI11/sw/lib/elf/libepc.a(init-cpu.o)
                              (start)
/courses/TDDI11/sw/lib/elf/libepc.a(init-idt.o)
                              main.o (IRQ2INT)
/courses/TDDI11/sw/lib/elf/libepc.a(init-crt.o)
                              /courses/TDDI11/sw/lib/elf/libepc.a(init-cpu.o) (Init_CRT)
/courses/TDDI11/sw/lib/elf/libepc.a(display.o)
                              main.o (SetCursorVisible)
/courses/TDDI11/sw/lib/elf/libepc.a(init8259.o)
                              /courses/TDDI11/sw/lib/elf/libepc.a(init-cpu.o) (Init8259)
/courses/TDDI11/sw/lib/elf/libepc.a(init8253.o)
                              /courses/TDDI11/sw/lib/elf/libepc.a(init-cpu.o) (Init8253)
/courses/TDDI11/sw/lib/elf/libepc.a(heap.o)
                              /courses/TDDI11/sw/lib/elf/mtc.a(sema.o) (malloc)
/courses/TDDI11/sw/lib/elf/libepc.a(setjmp.o)
                              /courses/TDDI11/sw/lib/elf/mtc.a(context.o) (_setjmp)
/courses/TDDI11/sw/lib/elf/libepc.a(queue.o)
                              main.o (QueueCreate)
/courses/TDDI11/sw/lib/elf/libepc.a(window.o)
                              inbound.o (WindowCreate)
/courses/TDDI11/sw/lib/elf/libepc.a(checkcpu.o)
                              /courses/TDDI11/sw/lib/elf/libepc.a(init-cpu.o) (Check_CPU)
/courses/TDDI11/sw/lib/elf/libepc.a(io.o)
                              /courses/TDDI11/sw/lib/elf/libepc.a(init-idt.o) (ISR_PIC1)
/courses/TDDI11/sw/lib/elf/libepc.a(keyboard.o)
                              outbound.o (ScanCodeRdy)
/courses/TDDI11/sw/lib/elf/djgpp/libc.a(ct_flags.o)
                              outbound.o (__dj_ctype_flags)
/courses/TDDI11/sw/lib/elf/djgpp/libc.a(memcpy.o)
                              /courses/TDDI11/sw/lib/elf/mtc.a(mtc.o) (_memcpy)
/courses/TDDI11/sw/lib/elf/djgpp/libc.a(strcpy.o)
                              /courses/TDDI11/sw/lib/elf/libepc.a(window.o) (_strcpy)
/courses/TDDI11/sw/lib/elf/djgpp/libc.a(strlen.o)
                              /courses/TDDI11/sw/lib/elf/libepc.a(window.o) (_strlen)
/courses/TDDI11/sw/lib/elf/djgpp/libc.a(disable.o)
                              main.o (disable)
/courses/TDDI11/sw/lib/elf/djgpp/libc.a(enable.o)
                              main.o (enable)
/courses/TDDI11/sw/lib/elf/djgpp/libc.a(djmd.o)
                              /courses/TDDI11/sw/lib/elf/djgpp/libc.a(memcpy.o) (___dj_movedata)

Allocating common symbols
Common symbol       size              file

inbound_queue       0x4               main.o
___Starting_Point__
                    0x4               /courses/TDDI11/sw/lib/elf/mtc.a(context.o)

Discarded input sections

 .eh_frame      0x0000000000000000       0x84 main.o
 .eh_frame      0x0000000000000000       0x38 inbound.o
 .eh_frame      0x0000000000000000       0x38 outbound.o

Memory Configuration

Name             Origin             Length             Attributes
conventional     0x0000000000000000 0x00000000000a0000
reserved         0x00000000000a0000 0x0000000000060000
extended         0x0000000000100000 0x00000000fff00000
*default*        0x0000000000000000 0xffffffffffffffff

Linker script and memory map

LOAD main.o
LOAD serial.o
LOAD inbound.o
LOAD outbound.o
LOAD /courses/TDDI11/sw/lib/elf/mtc.a
LOAD /courses/TDDI11/sw/lib/elf/libepc.a
LOAD /courses/TDDI11/sw/lib/elf/djgpp/libc.a
LOAD /courses/TDDI11/sw/i386-elf-gcc-7.3.0/lib/gcc/i386-elf/7.3.0/libgcc.a

.text           0x0000000000000000     0x7b18
                0x0000000000000000                text_frst = .
 *(.start)
 .start         0x0000000000000000        0x8 /courses/TDDI11/sw/lib/elf/libepc.a(init-cpu.o)
                0x0000000000000000                start
 *(.init)
 *(.text)
 .text          0x0000000000000008      0x186 main.o
                0x0000000000000008                main
                0x0000000000000033                _mtc_main
 .text          0x000000000000018e       0x61 inbound.o
                0x000000000000018e                InBound
 .text          0x00000000000001ef      0x121 outbound.o
                0x00000000000001ef                OutBound
 .text          0x0000000000000310     0x10d0 /courses/TDDI11/sw/lib/elf/mtc.a(mtc.o)
                0x0000000000000318                mtc_split
                0x0000000000000360                mtc_stop
                0x0000000000000448                mtc_yield
                0x0000000000000498                _mtc_setpri
                0x0000000000000598                _mtc_getpri
                0x00000000000005ec                _mtc_asend
                0x000000000000068c                _mtc_send
                0x00000000000007f0                _mtc_receive
                0x000000000000097c                _mtc_mcount
                0x0000000000000a20                _mtc_msize
                0x0000000000000b04                _mtc_mpriority
                0x0000000000000be0                _mtc_mdata
                0x0000000000000c88                _mtc_mtraverse
                0x0000000000000d10                _mtc_mignore
                0x0000000000000e50                _mtc_semacreate
                0x0000000000000e9c                _mtc_semadel
                0x0000000000000ee8                _mtc_semaset
                0x0000000000000f2c                _mtc_semareset
                0x0000000000000f78                _mtc_semainvert
                0x0000000000000fbc                _mtc_semaget
                0x0000000000000fd4                _mtc_semawait
                0x00000000000010b8                _mtc_me
                0x00000000000010fc                _mtc_setthreshold
                0x000000000000114c                _mtc_getthreshold
                0x000000000000119c                _mtc_setcount
                0x00000000000011ec                _mtc_getcount
                0x000000000000123c                _mtc_setuptr
                0x000000000000128c                _mtc_getuptr
                0x00000000000013a8                mtc_entry
 .text          0x00000000000013e0      0xe30 /courses/TDDI11/sw/lib/elf/mtc.a(schedule.o)
                0x00000000000013ec                _sch_setup
                0x0000000000001544                _sch_takedown
                0x000000000000162c                _sch_split
                0x00000000000019bc                _sch_stop
                0x0000000000001a38                _sch_yield
                0x0000000000001b40                _sch_whoami
                0x0000000000001b84                _sch_wait
                0x0000000000001c6c                _sch_resume
                0x0000000000001cfc                _sch_norun
                0x0000000000001ec0                _sch_setthreshold
                0x0000000000001fa8                _sch_getthreshold
                0x0000000000002084                _sch_setcount
                0x0000000000002184                _sch_getcount
 .text          0x0000000000002210      0x630 /courses/TDDI11/sw/lib/elf/mtc.a(sema.o)
                0x0000000000002300                _sema_setup
                0x0000000000002438                _sema_takedown
                0x0000000000002518                _sema_set
                0x00000000000025bc                _sema_reset
                0x0000000000002668                _sema_invert
                0x000000000000271c                _sema_get
                0x0000000000002784                _sema_wait
 .text          0x0000000000002840      0x7a0 /courses/TDDI11/sw/lib/elf/mtc.a(thread.o)
                0x00000000000028ac                _thr_setup
                0x0000000000002a3c                _thr_takedown
                0x0000000000002b28                _thr_save
                0x0000000000002be8                _thr_restore
                0x0000000000002c74                _thr_setpri
                0x0000000000002cd8                _thr_getpri
                0x0000000000002d3c                _thr_mlist
                0x0000000000002da4                _thr_block
                0x0000000000002e14                _thr_unblock
                0x0000000000002e84                _thr_isblocked
                0x0000000000002ef4                _thr_setuptr
                0x0000000000002f64                _thr_getuptr
 .text          0x0000000000002fe0      0x420 /courses/TDDI11/sw/lib/elf/mtc.a(abend.o)
                0x00000000000031b8                _mtc_abend
 .text          0x0000000000003400      0x510 /courses/TDDI11/sw/lib/elf/mtc.a(context.o)
                0x0000000000003460                _ctxt_setup
                0x00000000000035b0                _ctxt_takedown
                0x0000000000003624                _ctxt_save
                0x00000000000037c4                _ctxt_restore
 .text          0x0000000000003910      0xe40 /courses/TDDI11/sw/lib/elf/mtc.a(ll.o)
                0x0000000000003948                _ll_setup
                0x0000000000003a1c                _ll_takedown
                0x0000000000003b00                _ll_addleft
                0x0000000000003c78                _ll_addright
                0x0000000000003df4                _ll_delleft
                0x0000000000003f68                _ll_delright
                0x00000000000040f0                _ll_count
                0x000000000000419c                _ll_current
                0x0000000000004234                _ll_start
                0x00000000000042a4                _ll_end
                0x0000000000004320                _ll_right
                0x00000000000043c8                _ll_left
                0x000000000000447c                _ll_isstart
                0x0000000000004554                _ll_isend
                0x0000000000004640                _ll_save
                0x00000000000046d8                _ll_assign
 .text          0x0000000000004750      0xa60 /courses/TDDI11/sw/lib/elf/mtc.a(mlist.o)
                0x0000000000004790                _ml_setup
                0x0000000000004874                _ml_takedown
                0x00000000000049bc                _ml_add
                0x0000000000004bc8                _ml_flush
                0x0000000000004cc8                _ml_dequeue
                0x0000000000004dc0                _ml_count
                0x0000000000004e38                _ml_traverse
                0x0000000000004fac                _ml_sync
                0x0000000000005024                _ml_priority
                0x00000000000050a4                _ml_data
                0x0000000000005124                _ml_size
 .text          0x00000000000051b0      0x450 /courses/TDDI11/sw/lib/elf/mtc.a(msg.o)
                0x0000000000005200                _msg_setup
                0x0000000000005314                _msg_takedown
                0x0000000000005398                _msg_size
                0x0000000000005438                _msg_sync
                0x00000000000054dc                _msg_priority
                0x0000000000005568                _msg_data
 .text          0x0000000000005600       0x50 /courses/TDDI11/sw/lib/elf/libepc.a(init-cpu.o)
                0x0000000000005600                Init_CPU
 .text          0x0000000000005650      0x5a0 /courses/TDDI11/sw/lib/elf/libepc.a(init-idt.o)
                0x0000000000005a60                IRQ2INT
                0x0000000000005a74                _GetISR
                0x0000000000005ab8                SetISR
                0x0000000000005af0                Init_IDT
 .text          0x0000000000005bf0      0x110 /courses/TDDI11/sw/lib/elf/libepc.a(init-crt.o)
                0x0000000000005bf0                Init_CRT
                0x0000000000005c24                _LastMemoryAddress
 .text          0x0000000000005d00      0x6e0 /courses/TDDI11/sw/lib/elf/libepc.a(display.o)
                0x0000000000005d00                SetCursorVisible
                0x0000000000005d84                _GetCursorRow
                0x0000000000005d98                _GetCursorCol
                0x0000000000005dac                SetCursorPosition
                0x0000000000005e50                ClearScreen
                0x0000000000005eb8                _PutAttb
                0x0000000000005f04                _PutCharAt
                0x0000000000005f30                _PutChar
                0x0000000000005fb4                PutString
                0x0000000000005fec                PutUnsigned
                0x0000000000006024                FormatUnsigned
                0x00000000000060b4                Unsigned2Ascii
                0x0000000000006138                _Cell
 .text          0x00000000000063e0       0xe0 /courses/TDDI11/sw/lib/elf/libepc.a(init8259.o)
                0x00000000000063e0                Init8259
 .text          0x00000000000064c0       0xb0 /courses/TDDI11/sw/lib/elf/libepc.a(init8253.o)
                0x00000000000064c0                Init8253
 .text          0x0000000000006570      0x660 /courses/TDDI11/sw/lib/elf/libepc.a(heap.o)
                0x0000000000006570                malloc
                0x0000000000006624                free
 .text          0x0000000000006bd0       0xb0 /courses/TDDI11/sw/lib/elf/libepc.a(setjmp.o)
                0x0000000000006bd0                _setjmp
                0x0000000000006c1a                _longjmp
 .text          0x0000000000006c80      0x180 /courses/TDDI11/sw/lib/elf/libepc.a(queue.o)
                0x0000000000006c80                QueueCreate
                0x0000000000006cec                QueueRemove
                0x0000000000006d70                QueueInsert
 .text          0x0000000000006e00      0x600 /courses/TDDI11/sw/lib/elf/libepc.a(window.o)
                0x0000000000006e04                WindowCreate
                0x0000000000006eec                _WindowErase
                0x0000000000006f5c                WindowSelect
                0x0000000000006f80                WindowSetCursor
                0x0000000000006fb0                WindowPutChar
                0x0000000000007090                WindowPutString
 .text          0x0000000000007400       0x98 /courses/TDDI11/sw/lib/elf/libepc.a(checkcpu.o)
                0x0000000000007400                Check_CPU
 .text          0x0000000000007498       0x60 /courses/TDDI11/sw/lib/elf/libepc.a(io.o)
                0x0000000000007498                TimerTickISR
                0x00000000000074a4                KeyboardISR
                0x00000000000074c4                ISR_PIC1
                0x00000000000074cb                ISR_PIC2
                0x00000000000074d4                ___main
                0x00000000000074d5                inportb
                0x00000000000074df                outportb
                0x00000000000074f1                _exit
 .text          0x00000000000074f8      0x570 /courses/TDDI11/sw/lib/elf/libepc.a(keyboard.o)
                0x00000000000074f8                ScanCodeRdy
                0x000000000000751c                GetScanCode
                0x000000000000754c                ScanCode2Ascii
                0x000000000000770c                SetsKybdState
                0x00000000000078fc                Enqueue
 .text          0x0000000000007a68        0x0 /courses/TDDI11/sw/lib/elf/djgpp/libc.a(ct_flags.o)
 .text          0x0000000000007a68       0x1c /courses/TDDI11/sw/lib/elf/djgpp/libc.a(memcpy.o)
                0x0000000000007a68                _memcpy
 .text          0x0000000000007a84       0x28 /courses/TDDI11/sw/lib/elf/djgpp/libc.a(strcpy.o)
                0x0000000000007a84                _strcpy
 .text          0x0000000000007aac       0x24 /courses/TDDI11/sw/lib/elf/djgpp/libc.a(strlen.o)
                0x0000000000007aac                _strlen
 .text          0x0000000000007ad0       0x10 /courses/TDDI11/sw/lib/elf/djgpp/libc.a(disable.o)
                0x0000000000007ad0                disable
 .text          0x0000000000007ae0       0x10 /courses/TDDI11/sw/lib/elf/djgpp/libc.a(enable.o)
                0x0000000000007ae0                enable
 .text          0x0000000000007af0       0x28 /courses/TDDI11/sw/lib/elf/djgpp/libc.a(djmd.o)
                0x0000000000007af0                ___dj_movedata
                0x0000000000007b17                text_last = (. - 0x1)

.data           0x0000000000007b18      0x94d
                0x0000000000007b18                data_frst = .
 *(.data)
 .data          0x0000000000007b18        0x0 main.o
 .data          0x0000000000007b18        0x0 inbound.o
 .data          0x0000000000007b18        0x0 outbound.o
 .data          0x0000000000007b18       0x10 /courses/TDDI11/sw/lib/elf/mtc.a(mtc.o)
 .data          0x0000000000007b28       0x10 /courses/TDDI11/sw/lib/elf/mtc.a(schedule.o)
 .data          0x0000000000007b38        0x0 /courses/TDDI11/sw/lib/elf/mtc.a(sema.o)
 .data          0x0000000000007b38        0x0 /courses/TDDI11/sw/lib/elf/mtc.a(thread.o)
 .data          0x0000000000007b38       0x70 /courses/TDDI11/sw/lib/elf/mtc.a(abend.o)
                0x0000000000007b38                _MtCAbendFlag
 .data          0x0000000000007ba8        0x0 /courses/TDDI11/sw/lib/elf/mtc.a(context.o)
 .data          0x0000000000007ba8        0x0 /courses/TDDI11/sw/lib/elf/mtc.a(ll.o)
 .data          0x0000000000007ba8        0x0 /courses/TDDI11/sw/lib/elf/mtc.a(mlist.o)
 .data          0x0000000000007ba8        0x0 /courses/TDDI11/sw/lib/elf/mtc.a(msg.o)
 .data          0x0000000000007ba8       0x20 /courses/TDDI11/sw/lib/elf/libepc.a(init-cpu.o)
                0x0000000000007bc6                code_selector
 .data          0x0000000000007bc8       0x90 /courses/TDDI11/sw/lib/elf/libepc.a(init-idt.o)
 .data          0x0000000000007c58       0x10 /courses/TDDI11/sw/lib/elf/libepc.a(init-crt.o)
 .data          0x0000000000007c68       0x30 /courses/TDDI11/sw/lib/elf/libepc.a(display.o)
 .data          0x0000000000007c98        0x0 /courses/TDDI11/sw/lib/elf/libepc.a(init8259.o)
 .data          0x0000000000007c98        0x0 /courses/TDDI11/sw/lib/elf/libepc.a(init8253.o)
 .data          0x0000000000007c98       0x10 /courses/TDDI11/sw/lib/elf/libepc.a(heap.o)
 .data          0x0000000000007ca8        0x0 /courses/TDDI11/sw/lib/elf/libepc.a(queue.o)
 .data          0x0000000000007ca8        0x0 /courses/TDDI11/sw/lib/elf/libepc.a(window.o)
 .data          0x0000000000007ca8        0xc /courses/TDDI11/sw/lib/elf/libepc.a(io.o)
                0x0000000000007ca8                msec
                0x0000000000007cac                old_tick_isr
                0x0000000000007cb0                old_kybd_isr
 .data          0x0000000000007cb4      0x5a0 /courses/TDDI11/sw/lib/elf/libepc.a(keyboard.o)
 .data          0x0000000000008254      0x204 /courses/TDDI11/sw/lib/elf/djgpp/libc.a(ct_flags.o)
                0x0000000000008254                __dj_ctype_flags
 .data          0x0000000000008458        0x0 /courses/TDDI11/sw/lib/elf/djgpp/libc.a(memcpy.o)
 .data          0x0000000000008458        0x0 /courses/TDDI11/sw/lib/elf/djgpp/libc.a(strcpy.o)
 .data          0x0000000000008458        0x0 /courses/TDDI11/sw/lib/elf/djgpp/libc.a(strlen.o)
 .data          0x0000000000008458        0x0 /courses/TDDI11/sw/lib/elf/djgpp/libc.a(disable.o)
 .data          0x0000000000008458        0x0 /courses/TDDI11/sw/lib/elf/djgpp/libc.a(enable.o)
 .data          0x0000000000008458        0x0 /courses/TDDI11/sw/lib/elf/djgpp/libc.a(djmd.o)
 *(.rodata)
 .rodata        0x0000000000008458        0x7 inbound.o
 .rodata        0x000000000000845f        0x6 outbound.o
 *(.rodata.str1.1)
 *(.rodata.str1.32)
                0x0000000000008464                data_last = (. - 0x1)

.bss            0x0000000000008468      0x878
                0x0000000000008468                bss_frst = .
 *(.bss)
 .bss           0x0000000000008468        0x0 main.o
 .bss           0x0000000000008468        0x0 inbound.o
 .bss           0x0000000000008468        0x0 outbound.o
 .bss           0x0000000000008468        0x0 /courses/TDDI11/sw/lib/elf/mtc.a(mtc.o)
 .bss           0x0000000000008468       0x2c /courses/TDDI11/sw/lib/elf/mtc.a(schedule.o)
 .bss           0x0000000000008494        0x0 /courses/TDDI11/sw/lib/elf/mtc.a(sema.o)
 .bss           0x0000000000008494        0x0 /courses/TDDI11/sw/lib/elf/mtc.a(thread.o)
 .bss           0x0000000000008494        0x0 /courses/TDDI11/sw/lib/elf/mtc.a(abend.o)
 .bss           0x0000000000008494        0x8 /courses/TDDI11/sw/lib/elf/mtc.a(context.o)
 .bss           0x000000000000849c        0x0 /courses/TDDI11/sw/lib/elf/mtc.a(ll.o)
 .bss           0x000000000000849c        0x0 /courses/TDDI11/sw/lib/elf/mtc.a(mlist.o)
 .bss           0x000000000000849c        0x0 /courses/TDDI11/sw/lib/elf/mtc.a(msg.o)
 .bss           0x000000000000849c      0x800 /courses/TDDI11/sw/lib/elf/libepc.a(init-idt.o)
 .bss           0x0000000000008c9c        0x0 /courses/TDDI11/sw/lib/elf/libepc.a(init-crt.o)
 .bss           0x0000000000008c9c        0x8 /courses/TDDI11/sw/lib/elf/libepc.a(display.o)
 .bss           0x0000000000008ca4        0x0 /courses/TDDI11/sw/lib/elf/libepc.a(init8259.o)
 .bss           0x0000000000008ca4        0x0 /courses/TDDI11/sw/lib/elf/libepc.a(init8253.o)
 .bss           0x0000000000008ca4        0x0 /courses/TDDI11/sw/lib/elf/libepc.a(heap.o)
 .bss           0x0000000000008ca4        0x0 /courses/TDDI11/sw/lib/elf/libepc.a(queue.o)
 .bss           0x0000000000008ca4        0x0 /courses/TDDI11/sw/lib/elf/libepc.a(window.o)
 .bss           0x0000000000008ca4       0x34 /courses/TDDI11/sw/lib/elf/libepc.a(keyboard.o)
 .bss           0x0000000000008cd8        0x0 /courses/TDDI11/sw/lib/elf/djgpp/libc.a(ct_flags.o)
 .bss           0x0000000000008cd8        0x0 /courses/TDDI11/sw/lib/elf/djgpp/libc.a(memcpy.o)
 .bss           0x0000000000008cd8        0x0 /courses/TDDI11/sw/lib/elf/djgpp/libc.a(strcpy.o)
 .bss           0x0000000000008cd8        0x0 /courses/TDDI11/sw/lib/elf/djgpp/libc.a(strlen.o)
 .bss           0x0000000000008cd8        0x0 /courses/TDDI11/sw/lib/elf/djgpp/libc.a(disable.o)
 .bss           0x0000000000008cd8        0x0 /courses/TDDI11/sw/lib/elf/djgpp/libc.a(enable.o)
 .bss           0x0000000000008cd8        0x0 /courses/TDDI11/sw/lib/elf/djgpp/libc.a(djmd.o)
 *(COMMON)
 COMMON         0x0000000000008cd8        0x4 main.o
                0x0000000000008cd8                inbound_queue
 COMMON         0x0000000000008cdc        0x4 /courses/TDDI11/sw/lib/elf/mtc.a(context.o)
                0x0000000000008cdc                ___Starting_Point__
                0x0000000000008cdf                bss_last = (. - 0x1)

/DISCARD/
 *(.eh_frame)
                0x0000000000008ce0                stack_frst = (bss_last + 0x1)
                0x0000000000010cdf                stack_last = (bss_last + 0x8000)
                0x0000000000010ce0                heap_frst = (stack_last + 0x1)
OUTPUT(embedded.bin binary)

.debug_info     0x0000000000000000      0x86f
 .debug_info    0x0000000000000000      0x31f main.o
 .debug_info    0x000000000000031f      0x2c0 inbound.o
 .debug_info    0x00000000000005df      0x290 outbound.o

.debug_abbrev   0x0000000000000000      0x352
 .debug_abbrev  0x0000000000000000      0x160 main.o
 .debug_abbrev  0x0000000000000160       0xfa inbound.o
 .debug_abbrev  0x000000000000025a       0xf8 outbound.o

.debug_aranges  0x0000000000000000       0x60
 .debug_aranges
                0x0000000000000000       0x20 main.o
 .debug_aranges
                0x0000000000000020       0x20 inbound.o
 .debug_aranges
                0x0000000000000040       0x20 outbound.o

.debug_line     0x0000000000000000      0x2ab
 .debug_line    0x0000000000000000       0xf1 main.o
 .debug_line    0x00000000000000f1       0xb6 inbound.o
 .debug_line    0x00000000000001a7      0x104 outbound.o

.debug_str      0x0000000000000000      0x681
 .debug_str     0x0000000000000000      0x25c main.o
 .debug_str     0x000000000000025c      0x213 inbound.o
 .debug_str     0x000000000000046f      0x212 outbound.o

.comment        0x0000000000000000       0x36
 .comment       0x0000000000000000       0x12 main.o
 .comment       0x0000000000000012       0x12 inbound.o
 .comment       0x0000000000000024       0x12 outbound.o
