Archive member included to satisfy reference by file (symbol)

/courses/TDDI11/sw/lib/elf/mtc.a(mtc.o)
                              main.o (mtc_split)
/courses/TDDI11/sw/lib/elf/mtc.a(schedule.o)
                              /courses/TDDI11/sw/lib/elf/mtc.a(mtc.o) (_sch_setup)
/courses/TDDI11/sw/lib/elf/mtc.a(sema.o)
                              /courses/TDDI11/sw/lib/elf/mtc.a(mtc.o) (_sema_setup)
/courses/TDDI11/sw/lib/elf/mtc.a(thread.o)
                              /courses/TDDI11/sw/lib/elf/mtc.a(schedule.o) (_thr_setup)
/courses/TDDI11/sw/lib/elf/mtc.a(abend.o)
                              /courses/TDDI11/sw/lib/elf/mtc.a(mtc.o) (_mtc_abend)
/courses/TDDI11/sw/lib/elf/mtc.a(context.o)
                              /courses/TDDI11/sw/lib/elf/mtc.a(thread.o) (_ctxt_setup)
/courses/TDDI11/sw/lib/elf/mtc.a(ll.o)
                              /courses/TDDI11/sw/lib/elf/mtc.a(schedule.o) (_ll_setup)
/courses/TDDI11/sw/lib/elf/mtc.a(mlist.o)
                              /courses/TDDI11/sw/lib/elf/mtc.a(thread.o) (_ml_setup)
/courses/TDDI11/sw/lib/elf/mtc.a(msg.o)
                              /courses/TDDI11/sw/lib/elf/mtc.a(mlist.o) (_msg_setup)
/courses/TDDI11/sw/lib/elf/libepc.a(init-cpu.o)
                              (start)
/courses/TDDI11/sw/lib/elf/libepc.a(init-idt.o)
                              main.o (IRQ2INT)
/courses/TDDI11/sw/lib/elf/libepc.a(init-crt.o)
                              /courses/TDDI11/sw/lib/elf/libepc.a(init-cpu.o) (Init_CRT)
/courses/TDDI11/sw/lib/elf/libepc.a(display.o)
                              main.o (SetCursorVisible)
/courses/TDDI11/sw/lib/elf/libepc.a(timer.o)
                              main.o (Milliseconds)
/courses/TDDI11/sw/lib/elf/libepc.a(init8259.o)
                              /courses/TDDI11/sw/lib/elf/libepc.a(init-cpu.o) (Init8259)
/courses/TDDI11/sw/lib/elf/libepc.a(init8253.o)
                              /courses/TDDI11/sw/lib/elf/libepc.a(init-cpu.o) (Init8253)
/courses/TDDI11/sw/lib/elf/libepc.a(heap.o)
                              /courses/TDDI11/sw/lib/elf/mtc.a(sema.o) (malloc)
/courses/TDDI11/sw/lib/elf/libepc.a(setjmp.o)
                              /courses/TDDI11/sw/lib/elf/mtc.a(context.o) (_setjmp)
/courses/TDDI11/sw/lib/elf/libepc.a(queue.o)
                              main.o (QueueCreate)
/courses/TDDI11/sw/lib/elf/libepc.a(window.o)
                              main.o (WindowCreate)
/courses/TDDI11/sw/lib/elf/libepc.a(checkcpu.o)
                              /courses/TDDI11/sw/lib/elf/libepc.a(init-cpu.o) (Check_CPU)
/courses/TDDI11/sw/lib/elf/libepc.a(io.o)
                              /courses/TDDI11/sw/lib/elf/libepc.a(timer.o) (msec)
/courses/TDDI11/sw/lib/elf/libepc.a(keyboard.o)
                              outbound.o (ScanCodeRdy)
/courses/TDDI11/sw/lib/elf/djgpp/libc.a(ct_flags.o)
                              outbound.o (__dj_ctype_flags)
/courses/TDDI11/sw/lib/elf/djgpp/libc.a(memcpy.o)
                              /courses/TDDI11/sw/lib/elf/mtc.a(mtc.o) (_memcpy)
/courses/TDDI11/sw/lib/elf/djgpp/libc.a(strcpy.o)
                              /courses/TDDI11/sw/lib/elf/libepc.a(window.o) (_strcpy)
/courses/TDDI11/sw/lib/elf/djgpp/libc.a(strlen.o)
                              /courses/TDDI11/sw/lib/elf/libepc.a(window.o) (_strlen)
/courses/TDDI11/sw/lib/elf/djgpp/libc.a(disable.o)
                              main.o (disable)
/courses/TDDI11/sw/lib/elf/djgpp/libc.a(enable.o)
                              main.o (enable)
/courses/TDDI11/sw/lib/elf/djgpp/libc.a(djmd.o)
                              /courses/TDDI11/sw/lib/elf/djgpp/libc.a(memcpy.o) (___dj_movedata)

Allocating common symbols
Common symbol       size              file

inbound_queue       0x4               main.o
w                   0x4               main.o
___Starting_Point__
                    0x4               /courses/TDDI11/sw/lib/elf/mtc.a(context.o)

Discarded input sections

 .eh_frame      0x0000000000000000       0xa0 main.o
 .eh_frame      0x0000000000000000       0x38 inbound.o
 .eh_frame      0x0000000000000000       0x38 outbound.o

Memory Configuration

Name             Origin             Length             Attributes
conventional     0x0000000000000000 0x00000000000a0000
reserved         0x00000000000a0000 0x0000000000060000
extended         0x0000000000100000 0x00000000fff00000
*default*        0x0000000000000000 0xffffffffffffffff

Linker script and memory map

LOAD main.o
LOAD serial.o
LOAD inbound.o
LOAD outbound.o
LOAD /courses/TDDI11/sw/lib/elf/mtc.a
LOAD /courses/TDDI11/sw/lib/elf/libepc.a
LOAD /courses/TDDI11/sw/lib/elf/djgpp/libc.a
LOAD /courses/TDDI11/sw/i386-elf-gcc-7.3.0/lib/gcc/i386-elf/7.3.0/libgcc.a

.text           0x0000000000000000     0x7d2c
                0x0000000000000000                text_frst = .
 *(.start)
 .start         0x0000000000000000        0x8 /courses/TDDI11/sw/lib/elf/libepc.a(init-cpu.o)
                0x0000000000000000                start
 *(.init)
 *(.text)
 .text          0x0000000000000008      0x267 main.o
                0x0000000000000008                main
                0x0000000000000033                _mtc_main
                0x00000000000001ba                DisplayElapsedTime
 *fill*         0x000000000000026f        0x1 
 .text          0x0000000000000270       0x4f serial.o
                0x0000000000000270                SerialPut
                0x0000000000000285                SerialISR
 .text          0x00000000000002bf       0x61 inbound.o
                0x00000000000002bf                InBound
 .text          0x0000000000000320      0x121 outbound.o
                0x0000000000000320                OutBound
 *fill*         0x0000000000000441        0x3 
 .text          0x0000000000000444     0x10d0 /courses/TDDI11/sw/lib/elf/mtc.a(mtc.o)
                0x000000000000044c                mtc_split
                0x0000000000000494                mtc_stop
                0x000000000000057c                mtc_yield
                0x00000000000005cc                _mtc_setpri
                0x00000000000006cc                _mtc_getpri
                0x0000000000000720                _mtc_asend
                0x00000000000007c0                _mtc_send
                0x0000000000000924                _mtc_receive
                0x0000000000000ab0                _mtc_mcount
                0x0000000000000b54                _mtc_msize
                0x0000000000000c38                _mtc_mpriority
                0x0000000000000d14                _mtc_mdata
                0x0000000000000dbc                _mtc_mtraverse
                0x0000000000000e44                _mtc_mignore
                0x0000000000000f84                _mtc_semacreate
                0x0000000000000fd0                _mtc_semadel
                0x000000000000101c                _mtc_semaset
                0x0000000000001060                _mtc_semareset
                0x00000000000010ac                _mtc_semainvert
                0x00000000000010f0                _mtc_semaget
                0x0000000000001108                _mtc_semawait
                0x00000000000011ec                _mtc_me
                0x0000000000001230                _mtc_setthreshold
                0x0000000000001280                _mtc_getthreshold
                0x00000000000012d0                _mtc_setcount
                0x0000000000001320                _mtc_getcount
                0x0000000000001370                _mtc_setuptr
                0x00000000000013c0                _mtc_getuptr
                0x00000000000014dc                mtc_entry
 .text          0x0000000000001514      0xe30 /courses/TDDI11/sw/lib/elf/mtc.a(schedule.o)
                0x0000000000001520                _sch_setup
                0x0000000000001678                _sch_takedown
                0x0000000000001760                _sch_split
                0x0000000000001af0                _sch_stop
                0x0000000000001b6c                _sch_yield
                0x0000000000001c74                _sch_whoami
                0x0000000000001cb8                _sch_wait
                0x0000000000001da0                _sch_resume
                0x0000000000001e30                _sch_norun
                0x0000000000001ff4                _sch_setthreshold
                0x00000000000020dc                _sch_getthreshold
                0x00000000000021b8                _sch_setcount
                0x00000000000022b8                _sch_getcount
 .text          0x0000000000002344      0x630 /courses/TDDI11/sw/lib/elf/mtc.a(sema.o)
                0x0000000000002434                _sema_setup
                0x000000000000256c                _sema_takedown
                0x000000000000264c                _sema_set
                0x00000000000026f0                _sema_reset
                0x000000000000279c                _sema_invert
                0x0000000000002850                _sema_get
                0x00000000000028b8                _sema_wait
 .text          0x0000000000002974      0x7a0 /courses/TDDI11/sw/lib/elf/mtc.a(thread.o)
                0x00000000000029e0                _thr_setup
                0x0000000000002b70                _thr_takedown
                0x0000000000002c5c                _thr_save
                0x0000000000002d1c                _thr_restore
                0x0000000000002da8                _thr_setpri
                0x0000000000002e0c                _thr_getpri
                0x0000000000002e70                _thr_mlist
                0x0000000000002ed8                _thr_block
                0x0000000000002f48                _thr_unblock
                0x0000000000002fb8                _thr_isblocked
                0x0000000000003028                _thr_setuptr
                0x0000000000003098                _thr_getuptr
 .text          0x0000000000003114      0x420 /courses/TDDI11/sw/lib/elf/mtc.a(abend.o)
                0x00000000000032ec                _mtc_abend
 .text          0x0000000000003534      0x510 /courses/TDDI11/sw/lib/elf/mtc.a(context.o)
                0x0000000000003594                _ctxt_setup
                0x00000000000036e4                _ctxt_takedown
                0x0000000000003758                _ctxt_save
                0x00000000000038f8                _ctxt_restore
 .text          0x0000000000003a44      0xe40 /courses/TDDI11/sw/lib/elf/mtc.a(ll.o)
                0x0000000000003a7c                _ll_setup
                0x0000000000003b50                _ll_takedown
                0x0000000000003c34                _ll_addleft
                0x0000000000003dac                _ll_addright
                0x0000000000003f28                _ll_delleft
                0x000000000000409c                _ll_delright
                0x0000000000004224                _ll_count
                0x00000000000042d0                _ll_current
                0x0000000000004368                _ll_start
                0x00000000000043d8                _ll_end
                0x0000000000004454                _ll_right
                0x00000000000044fc                _ll_left
                0x00000000000045b0                _ll_isstart
                0x0000000000004688                _ll_isend
                0x0000000000004774                _ll_save
                0x000000000000480c                _ll_assign
 .text          0x0000000000004884      0xa60 /courses/TDDI11/sw/lib/elf/mtc.a(mlist.o)
                0x00000000000048c4                _ml_setup
                0x00000000000049a8                _ml_takedown
                0x0000000000004af0                _ml_add
                0x0000000000004cfc                _ml_flush
                0x0000000000004dfc                _ml_dequeue
                0x0000000000004ef4                _ml_count
                0x0000000000004f6c                _ml_traverse
                0x00000000000050e0                _ml_sync
                0x0000000000005158                _ml_priority
                0x00000000000051d8                _ml_data
                0x0000000000005258                _ml_size
 .text          0x00000000000052e4      0x450 /courses/TDDI11/sw/lib/elf/mtc.a(msg.o)
                0x0000000000005334                _msg_setup
                0x0000000000005448                _msg_takedown
                0x00000000000054cc                _msg_size
                0x000000000000556c                _msg_sync
                0x0000000000005610                _msg_priority
                0x000000000000569c                _msg_data
 .text          0x0000000000005734       0x50 /courses/TDDI11/sw/lib/elf/libepc.a(init-cpu.o)
                0x0000000000005734                Init_CPU
 .text          0x0000000000005784      0x5a0 /courses/TDDI11/sw/lib/elf/libepc.a(init-idt.o)
                0x0000000000005b94                IRQ2INT
                0x0000000000005ba8                _GetISR
                0x0000000000005bec                SetISR
                0x0000000000005c24                Init_IDT
 .text          0x0000000000005d24      0x110 /courses/TDDI11/sw/lib/elf/libepc.a(init-crt.o)
                0x0000000000005d24                Init_CRT
                0x0000000000005d58                _LastMemoryAddress
 .text          0x0000000000005e34      0x6e0 /courses/TDDI11/sw/lib/elf/libepc.a(display.o)
                0x0000000000005e34                SetCursorVisible
                0x0000000000005eb8                _GetCursorRow
                0x0000000000005ecc                _GetCursorCol
                0x0000000000005ee0                SetCursorPosition
                0x0000000000005f84                ClearScreen
                0x0000000000005fec                _PutAttb
                0x0000000000006038                _PutCharAt
                0x0000000000006064                _PutChar
                0x00000000000060e8                PutString
                0x0000000000006120                PutUnsigned
                0x0000000000006158                FormatUnsigned
                0x00000000000061e8                Unsigned2Ascii
                0x000000000000626c                _Cell
 .text          0x0000000000006514       0xe0 /courses/TDDI11/sw/lib/elf/libepc.a(timer.o)
                0x000000000000659c                Milliseconds
                0x00000000000065b8                Now_Plus
 .text          0x00000000000065f4       0xe0 /courses/TDDI11/sw/lib/elf/libepc.a(init8259.o)
                0x00000000000065f4                Init8259
 .text          0x00000000000066d4       0xb0 /courses/TDDI11/sw/lib/elf/libepc.a(init8253.o)
                0x00000000000066d4                Init8253
 .text          0x0000000000006784      0x660 /courses/TDDI11/sw/lib/elf/libepc.a(heap.o)
                0x0000000000006784                malloc
                0x0000000000006838                free
 .text          0x0000000000006de4       0xb0 /courses/TDDI11/sw/lib/elf/libepc.a(setjmp.o)
                0x0000000000006de4                _setjmp
                0x0000000000006e2e                _longjmp
 .text          0x0000000000006e94      0x180 /courses/TDDI11/sw/lib/elf/libepc.a(queue.o)
                0x0000000000006e94                QueueCreate
                0x0000000000006f00                QueueRemove
                0x0000000000006f84                QueueInsert
 .text          0x0000000000007014      0x600 /courses/TDDI11/sw/lib/elf/libepc.a(window.o)
                0x0000000000007018                WindowCreate
                0x0000000000007100                _WindowErase
                0x0000000000007170                WindowSelect
                0x0000000000007194                WindowSetCursor
                0x00000000000071c4                WindowPutChar
                0x00000000000072a4                WindowPutString
 .text          0x0000000000007614       0x98 /courses/TDDI11/sw/lib/elf/libepc.a(checkcpu.o)
                0x0000000000007614                Check_CPU
 .text          0x00000000000076ac       0x60 /courses/TDDI11/sw/lib/elf/libepc.a(io.o)
                0x00000000000076ac                TimerTickISR
                0x00000000000076b8                KeyboardISR
                0x00000000000076d8                ISR_PIC1
                0x00000000000076df                ISR_PIC2
                0x00000000000076e8                ___main
                0x00000000000076e9                inportb
                0x00000000000076f3                outportb
                0x0000000000007705                _exit
 .text          0x000000000000770c      0x570 /courses/TDDI11/sw/lib/elf/libepc.a(keyboard.o)
                0x000000000000770c                ScanCodeRdy
                0x0000000000007730                GetScanCode
                0x0000000000007760                ScanCode2Ascii
                0x0000000000007920                SetsKybdState
                0x0000000000007b10                Enqueue
 .text          0x0000000000007c7c        0x0 /courses/TDDI11/sw/lib/elf/djgpp/libc.a(ct_flags.o)
 .text          0x0000000000007c7c       0x1c /courses/TDDI11/sw/lib/elf/djgpp/libc.a(memcpy.o)
                0x0000000000007c7c                _memcpy
 .text          0x0000000000007c98       0x28 /courses/TDDI11/sw/lib/elf/djgpp/libc.a(strcpy.o)
                0x0000000000007c98                _strcpy
 .text          0x0000000000007cc0       0x24 /courses/TDDI11/sw/lib/elf/djgpp/libc.a(strlen.o)
                0x0000000000007cc0                _strlen
 .text          0x0000000000007ce4       0x10 /courses/TDDI11/sw/lib/elf/djgpp/libc.a(disable.o)
                0x0000000000007ce4                disable
 .text          0x0000000000007cf4       0x10 /courses/TDDI11/sw/lib/elf/djgpp/libc.a(enable.o)
                0x0000000000007cf4                enable
 .text          0x0000000000007d04       0x28 /courses/TDDI11/sw/lib/elf/djgpp/libc.a(djmd.o)
                0x0000000000007d04                ___dj_movedata
                0x0000000000007d2b                text_last = (. - 0x1)

.data           0x0000000000007d2c      0x96d
                0x0000000000007d2c                data_frst = .
 *(.data)
 .data          0x0000000000007d2c        0x0 main.o
 .data          0x0000000000007d2c        0x1 serial.o
 .data          0x0000000000007d2d        0x0 inbound.o
 .data          0x0000000000007d2d        0x0 outbound.o
 *fill*         0x0000000000007d2d        0x3 
 .data          0x0000000000007d30       0x10 /courses/TDDI11/sw/lib/elf/mtc.a(mtc.o)
 .data          0x0000000000007d40       0x10 /courses/TDDI11/sw/lib/elf/mtc.a(schedule.o)
 .data          0x0000000000007d50        0x0 /courses/TDDI11/sw/lib/elf/mtc.a(sema.o)
 .data          0x0000000000007d50        0x0 /courses/TDDI11/sw/lib/elf/mtc.a(thread.o)
 .data          0x0000000000007d50       0x70 /courses/TDDI11/sw/lib/elf/mtc.a(abend.o)
                0x0000000000007d50                _MtCAbendFlag
 .data          0x0000000000007dc0        0x0 /courses/TDDI11/sw/lib/elf/mtc.a(context.o)
 .data          0x0000000000007dc0        0x0 /courses/TDDI11/sw/lib/elf/mtc.a(ll.o)
 .data          0x0000000000007dc0        0x0 /courses/TDDI11/sw/lib/elf/mtc.a(mlist.o)
 .data          0x0000000000007dc0        0x0 /courses/TDDI11/sw/lib/elf/mtc.a(msg.o)
 .data          0x0000000000007dc0       0x20 /courses/TDDI11/sw/lib/elf/libepc.a(init-cpu.o)
                0x0000000000007dde                code_selector
 .data          0x0000000000007de0       0x90 /courses/TDDI11/sw/lib/elf/libepc.a(init-idt.o)
 .data          0x0000000000007e70       0x10 /courses/TDDI11/sw/lib/elf/libepc.a(init-crt.o)
 .data          0x0000000000007e80       0x30 /courses/TDDI11/sw/lib/elf/libepc.a(display.o)
 .data          0x0000000000007eb0       0x10 /courses/TDDI11/sw/lib/elf/libepc.a(timer.o)
 .data          0x0000000000007ec0        0x0 /courses/TDDI11/sw/lib/elf/libepc.a(init8259.o)
 .data          0x0000000000007ec0        0x0 /courses/TDDI11/sw/lib/elf/libepc.a(init8253.o)
 .data          0x0000000000007ec0       0x10 /courses/TDDI11/sw/lib/elf/libepc.a(heap.o)
 .data          0x0000000000007ed0        0x0 /courses/TDDI11/sw/lib/elf/libepc.a(queue.o)
 .data          0x0000000000007ed0        0x0 /courses/TDDI11/sw/lib/elf/libepc.a(window.o)
 .data          0x0000000000007ed0        0xc /courses/TDDI11/sw/lib/elf/libepc.a(io.o)
                0x0000000000007ed0                msec
                0x0000000000007ed4                old_tick_isr
                0x0000000000007ed8                old_kybd_isr
 .data          0x0000000000007edc      0x5a0 /courses/TDDI11/sw/lib/elf/libepc.a(keyboard.o)
 .data          0x000000000000847c      0x204 /courses/TDDI11/sw/lib/elf/djgpp/libc.a(ct_flags.o)
                0x000000000000847c                __dj_ctype_flags
 .data          0x0000000000008680        0x0 /courses/TDDI11/sw/lib/elf/djgpp/libc.a(memcpy.o)
 .data          0x0000000000008680        0x0 /courses/TDDI11/sw/lib/elf/djgpp/libc.a(strcpy.o)
 .data          0x0000000000008680        0x0 /courses/TDDI11/sw/lib/elf/djgpp/libc.a(strlen.o)
 .data          0x0000000000008680        0x0 /courses/TDDI11/sw/lib/elf/djgpp/libc.a(disable.o)
 .data          0x0000000000008680        0x0 /courses/TDDI11/sw/lib/elf/djgpp/libc.a(enable.o)
 .data          0x0000000000008680        0x0 /courses/TDDI11/sw/lib/elf/djgpp/libc.a(djmd.o)
 *(.rodata)
 .rodata        0x0000000000008680        0xc main.o
 .rodata        0x000000000000868c        0x7 inbound.o
 .rodata        0x0000000000008693        0x6 outbound.o
 *(.rodata.str1.1)
 *(.rodata.str1.32)
                0x0000000000008698                data_last = (. - 0x1)

.bss            0x000000000000869c      0x87c
                0x000000000000869c                bss_frst = .
 *(.bss)
 .bss           0x000000000000869c        0x0 main.o
 .bss           0x000000000000869c        0x0 inbound.o
 .bss           0x000000000000869c        0x0 outbound.o
 .bss           0x000000000000869c        0x0 /courses/TDDI11/sw/lib/elf/mtc.a(mtc.o)
 .bss           0x000000000000869c       0x2c /courses/TDDI11/sw/lib/elf/mtc.a(schedule.o)
 .bss           0x00000000000086c8        0x0 /courses/TDDI11/sw/lib/elf/mtc.a(sema.o)
 .bss           0x00000000000086c8        0x0 /courses/TDDI11/sw/lib/elf/mtc.a(thread.o)
 .bss           0x00000000000086c8        0x0 /courses/TDDI11/sw/lib/elf/mtc.a(abend.o)
 .bss           0x00000000000086c8        0x8 /courses/TDDI11/sw/lib/elf/mtc.a(context.o)
 .bss           0x00000000000086d0        0x0 /courses/TDDI11/sw/lib/elf/mtc.a(ll.o)
 .bss           0x00000000000086d0        0x0 /courses/TDDI11/sw/lib/elf/mtc.a(mlist.o)
 .bss           0x00000000000086d0        0x0 /courses/TDDI11/sw/lib/elf/mtc.a(msg.o)
 .bss           0x00000000000086d0      0x800 /courses/TDDI11/sw/lib/elf/libepc.a(init-idt.o)
 .bss           0x0000000000008ed0        0x0 /courses/TDDI11/sw/lib/elf/libepc.a(init-crt.o)
 .bss           0x0000000000008ed0        0x8 /courses/TDDI11/sw/lib/elf/libepc.a(display.o)
 .bss           0x0000000000008ed8        0x0 /courses/TDDI11/sw/lib/elf/libepc.a(timer.o)
 .bss           0x0000000000008ed8        0x0 /courses/TDDI11/sw/lib/elf/libepc.a(init8259.o)
 .bss           0x0000000000008ed8        0x0 /courses/TDDI11/sw/lib/elf/libepc.a(init8253.o)
 .bss           0x0000000000008ed8        0x0 /courses/TDDI11/sw/lib/elf/libepc.a(heap.o)
 .bss           0x0000000000008ed8        0x0 /courses/TDDI11/sw/lib/elf/libepc.a(queue.o)
 .bss           0x0000000000008ed8        0x0 /courses/TDDI11/sw/lib/elf/libepc.a(window.o)
 .bss           0x0000000000008ed8       0x34 /courses/TDDI11/sw/lib/elf/libepc.a(keyboard.o)
 .bss           0x0000000000008f0c        0x0 /courses/TDDI11/sw/lib/elf/djgpp/libc.a(ct_flags.o)
 .bss           0x0000000000008f0c        0x0 /courses/TDDI11/sw/lib/elf/djgpp/libc.a(memcpy.o)
 .bss           0x0000000000008f0c        0x0 /courses/TDDI11/sw/lib/elf/djgpp/libc.a(strcpy.o)
 .bss           0x0000000000008f0c        0x0 /courses/TDDI11/sw/lib/elf/djgpp/libc.a(strlen.o)
 .bss           0x0000000000008f0c        0x0 /courses/TDDI11/sw/lib/elf/djgpp/libc.a(disable.o)
 .bss           0x0000000000008f0c        0x0 /courses/TDDI11/sw/lib/elf/djgpp/libc.a(enable.o)
 .bss           0x0000000000008f0c        0x0 /courses/TDDI11/sw/lib/elf/djgpp/libc.a(djmd.o)
 *(COMMON)
 COMMON         0x0000000000008f0c        0x8 main.o
                0x0000000000008f0c                inbound_queue
                0x0000000000008f10                w
 COMMON         0x0000000000008f14        0x4 /courses/TDDI11/sw/lib/elf/mtc.a(context.o)
                0x0000000000008f14                ___Starting_Point__
                0x0000000000008f17                bss_last = (. - 0x1)

/DISCARD/
 *(.eh_frame)
                0x0000000000008f18                stack_frst = (bss_last + 0x1)
                0x0000000000010f17                stack_last = (bss_last + 0x8000)
                0x0000000000010f18                heap_frst = (stack_last + 0x1)
OUTPUT(embedded.bin binary)

.debug_info     0x0000000000000000      0x967
 .debug_info    0x0000000000000000      0x417 main.o
 .debug_info    0x0000000000000417      0x2c0 inbound.o
 .debug_info    0x00000000000006d7      0x290 outbound.o

.debug_abbrev   0x0000000000000000      0x386
 .debug_abbrev  0x0000000000000000      0x194 main.o
 .debug_abbrev  0x0000000000000194       0xfa inbound.o
 .debug_abbrev  0x000000000000028e       0xf8 outbound.o

.debug_aranges  0x0000000000000000       0x60
 .debug_aranges
                0x0000000000000000       0x20 main.o
 .debug_aranges
                0x0000000000000020       0x20 inbound.o
 .debug_aranges
                0x0000000000000040       0x20 outbound.o

.debug_line     0x0000000000000000      0x2ca
 .debug_line    0x0000000000000000      0x110 main.o
 .debug_line    0x0000000000000110       0xb6 inbound.o
 .debug_line    0x00000000000001c6      0x104 outbound.o

.debug_str      0x0000000000000000      0x6bf
 .debug_str     0x0000000000000000      0x29a main.o
 .debug_str     0x000000000000029a      0x213 inbound.o
 .debug_str     0x00000000000004ad      0x212 outbound.o

.comment        0x0000000000000000       0x36
 .comment       0x0000000000000000       0x12 main.o
 .comment       0x0000000000000012       0x12 inbound.o
 .comment       0x0000000000000024       0x12 outbound.o
